******************************************************************************
             TMS320C2000 Linker PC v22.6.1                     
******************************************************************************
>> Linked Sat Jun  8 13:58:33 2024

OUTPUT FILE NAME:   <FlashingLeds.out>
ENTRY POINT SYMBOL: "_c_int00"  address: 003f5084


MEMORY CONFIGURATION

         name            origin    length      used     unused   attr    fill
----------------------  --------  ---------  --------  --------  ----  --------
PAGE 0:
  RAML0                 00008000   00000800  00000077  00000789  RWIX
  RAML1                 00008800   00000400  00000000  00000400  RWIX
  RAML3                 00009000   00001000  00000080  00000f80  RWIX
  OTP                   003d7800   00000400  00000000  00000400  RWIX
  FLASHH                003d8000   00004000  00000000  00004000  RWIX
  FLASHG                003dc000   00004000  00000000  00004000  RWIX
  FLASHF                003e0000   00004000  00000000  00004000  RWIX
  FLASHE                003e4000   00004000  00000000  00004000  RWIX
  FLASHD                003e8000   00004000  00000077  00003f89  RWIX
  FLASHC                003ec000   00004000  00000080  00003f80  RWIX
  FLASHA                003f4000   00003f80  00001357  00002c29  RWIX
  CSM_RSVD              003f7f80   00000076  00000000  00000076  RWIX
  BEGIN                 003f7ff6   00000002  00000002  00000000  RWIX
  CSM_PWL_P0            003f7ff8   00000008  00000000  00000008  RWIX
  FPUTABLES             003fd860   000006a0  00000000  000006a0  RWIX
  IQTABLES              003fdf00   00000b50  00000b50  00000000  RWIX
  IQTABLES2             003fea50   0000008c  00000000  0000008c  RWIX
  IQTABLES3             003feadc   000000aa  00000000  000000aa  RWIX
  ROM                   003ff3b0   00000c10  00000000  00000c10  RWIX
  RESET                 003fffc0   00000002  00000000  00000002  RWIX
  VECTORS               003fffc2   0000003e  00000000  0000003e  RWIX

PAGE 1:
  BOOT_RSVD             00000000   00000050  00000000  00000050  RWIX
  RAMM0                 00000050   000003b0  00000380  00000030  RWIX
  RAMM1                 00000400   00000400  00000000  00000400  RWIX
  DEV_EMU               00000880   00000105  00000004  00000101  RWIX
  SYS_PWR_CTL           00000985   00000003  00000003  00000000  RWIX
  FLASH_REGS            00000a80   00000060  00000008  00000058  RWIX
  CSM                   00000ae0   00000020  00000010  00000010  RWIX
  ADC_RESULT            00000b00   00000020  00000010  00000010  RWIX
  CPU_TIMER0            00000c00   00000008  00000008  00000000  RWIX
  CPU_TIMER1            00000c08   00000008  00000008  00000000  RWIX
  CPU_TIMER2            00000c10   00000008  00000008  00000000  RWIX
  PIE_CTRL              00000ce0   00000020  0000001a  00000006  RWIX
  PIE_VECT              00000d00   00000100  00000100  00000000  RWIX
  DMA                   00001000   00000200  000000e0  00000120  RWIX
  CLA1                  00001400   00000080  00000040  00000040  RWIX
  CLA_CPU_MSGRAM        00001480   00000080  00000000  00000080  RWIX
  CPU_CLA_MSGRAM        00001500   00000080  00000002  0000007e  RWIX
  McBSPA                00005000   00000040  00000024  0000001c  RWIX
  ECANA                 00006000   00000040  00000034  0000000c  RWIX
  ECANA_LAM             00006040   00000040  00000040  00000000  RWIX
  ECANA_MOTS            00006080   00000040  00000040  00000000  RWIX
  ECANA_MOTO            000060c0   00000040  00000040  00000000  RWIX
  ECANA_MBOX            00006100   00000100  00000100  00000000  RWIX
  COMP1                 00006400   00000020  00000007  00000019  RWIX
  COMP2                 00006420   00000020  00000007  00000019  RWIX
  COMP3                 00006440   00000020  00000007  00000019  RWIX
  EPWM1                 00006800   00000040  00000040  00000000  RWIX
  EPWM2                 00006840   00000040  00000040  00000000  RWIX
  EPWM3                 00006880   00000040  00000040  00000000  RWIX
  EPWM4                 000068c0   00000040  00000040  00000000  RWIX
  EPWM5                 00006900   00000040  00000040  00000000  RWIX
  EPWM6                 00006940   00000040  00000040  00000000  RWIX
  EPWM7                 00006980   00000040  00000040  00000000  RWIX
  EPWM8                 000069c0   00000040  00000040  00000000  RWIX
  ECAP1                 00006a00   00000020  00000020  00000000  RWIX
  ECAP2                 00006a20   00000020  00000020  00000000  RWIX
  ECAP3                 00006a40   00000020  00000020  00000000  RWIX
  EQEP1                 00006b00   00000040  00000022  0000001e  RWIX
  EQEP2                 00006b40   00000040  00000022  0000001e  RWIX
  GPIOCTRL              00006f80   00000040  00000040  00000000  RWIX
  GPIODAT               00006fc0   00000020  00000020  00000000  RWIX
  GPIOINT               00006fe0   00000020  00000020  00000000  RWIX
  SYSTEM                00007010   00000030  00000030  00000000  RWIX
  SPIA                  00007040   00000010  00000010  00000000  RWIX
  SCIA                  00007050   00000010  00000010  00000000  RWIX
  NMIINTRUPT            00007060   00000010  00000010  00000000  RWIX
  XINTRUPT              00007070   00000010  00000010  00000000  RWIX
  ADC                   00007100   00000080  00000050  00000030  RWIX
  SPIB                  00007740   00000010  00000010  00000000  RWIX
  SCIB                  00007750   00000010  00000010  00000000  RWIX
  I2CA                  00007900   00000040  00000022  0000001e  RWIX
  RAML2                 00008c00   00000400  000001ca  00000236  RWIX
  RAML4                 0000a000   00002000  00000017  00001fe9  RWIX
  RAML5                 0000c000   00002000  00000000  00002000  RWIX
  RAML6                 0000e000   00002000  00000000  00002000  RWIX
  RAML7                 00010000   00002000  00000000  00002000  RWIX
  RAML8                 00012000   00002000  00000000  00002000  RWIX
  PARTID                003d7e80   00000001  00000001  00000000  RWIX
  FLASHB                003f0000   00004000  00000000  00004000  RWIX
  CSM_PWL               003f7ff8   00000008  00000008  00000000  RWIX


SECTION ALLOCATION MAP

 output                                  attributes/
section   page    origin      length       input sections
--------  ----  ----------  ----------   ----------------
ramfuncs   0    003e8000    00000077     RUN ADDR = 00008000
                  003e8000    00000058     FlashingLeds-DPL-ISR.obj (ramfuncs)
                  003e8058    0000001b     FlashingLeds-DevInit_F2806x.obj (ramfuncs)
                  003e8073    00000004     F2806x_usDelay.obj (ramfuncs)

Cla1Prog   0    003ec000    00000080     RUN ADDR = 00009000
                  003ec000    00000080     FlashingLeds-CLA.obj (Cla1Prog)

.cinit     0    003f5205    000000d4     
                  003f5205    00000030     FlashingLeds-Main.obj (.cinit)
                  003f5235    00000015     FlashingLeds-Main.obj (.cinit:_ControlParameter)
                  003f524a    00000013     FlashingLeds-Main.obj (.cinit:_ACQPS)
                  003f525d    00000013     FlashingLeds-Main.obj (.cinit:_ChSel)
                  003f5270    00000013     FlashingLeds-Main.obj (.cinit:_TrigSel)
                  003f5283    00000013     FlashingLeds-Main.obj (.cinit:_ePWM)
                  003f5296    0000000e     rts2800_fpu32.lib : exit.c.obj (.cinit)
                  003f52a4    00000009     SciCommsGui.obj (.cinit)
                  003f52ad    00000007     FlashingLeds-Main.obj (.cinit:_Button)
                  003f52b4    00000007     FlashingLeds-Main.obj (.cinit:_Frame_end)
                  003f52bb    00000007     FlashingLeds-Main.obj (.cinit:_Frame_head2)
                  003f52c2    00000007     FlashingLeds-Main.obj (.cinit:_Frame_headE)
                  003f52c9    00000005     rts2800_fpu32.lib : _lock.c.obj (.cinit:__lock)
                  003f52ce    00000005                       : _lock.c.obj (.cinit:__unlock)
                  003f52d3    00000004     FlashingLeds-Main.obj (.cinit:_RX_Data)
                  003f52d7    00000002     --HOLE-- [fill = 0]

DevEmuRegsFile 
*          1    00000880    00000004     UNINITIALIZED
                  00000880    00000004     F2806x_GlobalVariableDefs.obj (DevEmuRegsFile)

SysPwrCtrlRegsFile 
*          1    00000985    00000003     UNINITIALIZED
                  00000985    00000003     F2806x_GlobalVariableDefs.obj (SysPwrCtrlRegsFile)

FlashRegsFile 
*          1    00000a80    00000008     UNINITIALIZED
                  00000a80    00000008     F2806x_GlobalVariableDefs.obj (FlashRegsFile)

CsmRegsFile 
*          1    00000ae0    00000010     UNINITIALIZED
                  00000ae0    00000010     F2806x_GlobalVariableDefs.obj (CsmRegsFile)

AdcResultFile 
*          1    00000b00    00000010     UNINITIALIZED
                  00000b00    00000010     F2806x_GlobalVariableDefs.obj (AdcResultFile)

CpuTimer0RegsFile 
*          1    00000c00    00000008     UNINITIALIZED
                  00000c00    00000008     F2806x_GlobalVariableDefs.obj (CpuTimer0RegsFile)

CpuTimer1RegsFile 
*          1    00000c08    00000008     UNINITIALIZED
                  00000c08    00000008     F2806x_GlobalVariableDefs.obj (CpuTimer1RegsFile)

CpuTimer2RegsFile 
*          1    00000c10    00000008     UNINITIALIZED
                  00000c10    00000008     F2806x_GlobalVariableDefs.obj (CpuTimer2RegsFile)

PieCtrlRegsFile 
*          1    00000ce0    0000001a     UNINITIALIZED
                  00000ce0    0000001a     F2806x_GlobalVariableDefs.obj (PieCtrlRegsFile)

PieVectTableFile 
*          1    00000d00    00000100     UNINITIALIZED
                  00000d00    00000100     F2806x_GlobalVariableDefs.obj (PieVectTableFile)

EmuKeyVar 
*          1    00000d00    00000001     UNINITIALIZED
                  00000d00    00000001     F2806x_GlobalVariableDefs.obj (EmuKeyVar)

EmuBModeVar 
*          1    00000d01    00000001     UNINITIALIZED
                  00000d01    00000001     F2806x_GlobalVariableDefs.obj (EmuBModeVar)

FlashCallbackVar 
*          1    00000d02    00000002     UNINITIALIZED
                  00000d02    00000002     F2806x_GlobalVariableDefs.obj (FlashCallbackVar)

FlashScalingVar 
*          1    00000d04    00000002     UNINITIALIZED
                  00000d04    00000002     F2806x_GlobalVariableDefs.obj (FlashScalingVar)

DmaRegsFile 
*          1    00001000    000000e0     UNINITIALIZED
                  00001000    000000e0     F2806x_GlobalVariableDefs.obj (DmaRegsFile)

Cla1RegsFile 
*          1    00001400    00000040     UNINITIALIZED
                  00001400    00000040     F2806x_GlobalVariableDefs.obj (Cla1RegsFile)

ZeroNetCLA_Section 
*          1    00001500    00000002     UNINITIALIZED
                  00001500    00000002     FlashingLeds-CLA.obj (ZeroNetCLA_Section)

McbspaRegsFile 
*          1    00005000    00000024     UNINITIALIZED
                  00005000    00000024     F2806x_GlobalVariableDefs.obj (McbspaRegsFile)

ECanaRegsFile 
*          1    00006000    00000034     UNINITIALIZED
                  00006000    00000034     F2806x_GlobalVariableDefs.obj (ECanaRegsFile)

ECanaLAMRegsFile 
*          1    00006040    00000040     UNINITIALIZED
                  00006040    00000040     F2806x_GlobalVariableDefs.obj (ECanaLAMRegsFile)

ECanaMOTSRegsFile 
*          1    00006080    00000040     UNINITIALIZED
                  00006080    00000040     F2806x_GlobalVariableDefs.obj (ECanaMOTSRegsFile)

ECanaMOTORegsFile 
*          1    000060c0    00000040     UNINITIALIZED
                  000060c0    00000040     F2806x_GlobalVariableDefs.obj (ECanaMOTORegsFile)

ECanaMboxesFile 
*          1    00006100    00000100     UNINITIALIZED
                  00006100    00000100     F2806x_GlobalVariableDefs.obj (ECanaMboxesFile)

Comp1RegsFile 
*          1    00006400    00000007     UNINITIALIZED
                  00006400    00000007     F2806x_GlobalVariableDefs.obj (Comp1RegsFile)

Comp2RegsFile 
*          1    00006420    00000007     UNINITIALIZED
                  00006420    00000007     F2806x_GlobalVariableDefs.obj (Comp2RegsFile)

Comp3RegsFile 
*          1    00006440    00000007     UNINITIALIZED
                  00006440    00000007     F2806x_GlobalVariableDefs.obj (Comp3RegsFile)

EPwm1RegsFile 
*          1    00006800    00000040     UNINITIALIZED
                  00006800    00000040     F2806x_GlobalVariableDefs.obj (EPwm1RegsFile)

EPwm2RegsFile 
*          1    00006840    00000040     UNINITIALIZED
                  00006840    00000040     F2806x_GlobalVariableDefs.obj (EPwm2RegsFile)

EPwm3RegsFile 
*          1    00006880    00000040     UNINITIALIZED
                  00006880    00000040     F2806x_GlobalVariableDefs.obj (EPwm3RegsFile)

EPwm4RegsFile 
*          1    000068c0    00000040     UNINITIALIZED
                  000068c0    00000040     F2806x_GlobalVariableDefs.obj (EPwm4RegsFile)

EPwm5RegsFile 
*          1    00006900    00000040     UNINITIALIZED
                  00006900    00000040     F2806x_GlobalVariableDefs.obj (EPwm5RegsFile)

EPwm6RegsFile 
*          1    00006940    00000040     UNINITIALIZED
                  00006940    00000040     F2806x_GlobalVariableDefs.obj (EPwm6RegsFile)

EPwm7RegsFile 
*          1    00006980    00000040     UNINITIALIZED
                  00006980    00000040     F2806x_GlobalVariableDefs.obj (EPwm7RegsFile)

EPwm8RegsFile 
*          1    000069c0    00000040     UNINITIALIZED
                  000069c0    00000040     F2806x_GlobalVariableDefs.obj (EPwm8RegsFile)

ECap1RegsFile 
*          1    00006a00    00000020     UNINITIALIZED
                  00006a00    00000020     F2806x_GlobalVariableDefs.obj (ECap1RegsFile)

ECap2RegsFile 
*          1    00006a20    00000020     UNINITIALIZED
                  00006a20    00000020     F2806x_GlobalVariableDefs.obj (ECap2RegsFile)

ECap3RegsFile 
*          1    00006a40    00000020     UNINITIALIZED
                  00006a40    00000020     F2806x_GlobalVariableDefs.obj (ECap3RegsFile)

EQep1RegsFile 
*          1    00006b00    00000022     UNINITIALIZED
                  00006b00    00000022     F2806x_GlobalVariableDefs.obj (EQep1RegsFile)

EQep2RegsFile 
*          1    00006b40    00000022     UNINITIALIZED
                  00006b40    00000022     F2806x_GlobalVariableDefs.obj (EQep2RegsFile)

GpioCtrlRegsFile 
*          1    00006f80    00000040     UNINITIALIZED
                  00006f80    00000040     F2806x_GlobalVariableDefs.obj (GpioCtrlRegsFile)

GpioDataRegsFile 
*          1    00006fc0    00000020     UNINITIALIZED
                  00006fc0    00000020     F2806x_GlobalVariableDefs.obj (GpioDataRegsFile)

GpioIntRegsFile 
*          1    00006fe0    00000020     UNINITIALIZED
                  00006fe0    00000020     F2806x_GlobalVariableDefs.obj (GpioIntRegsFile)

SysCtrlRegsFile 
*          1    00007010    00000030     UNINITIALIZED
                  00007010    00000030     F2806x_GlobalVariableDefs.obj (SysCtrlRegsFile)

SpiaRegsFile 
*          1    00007040    00000010     UNINITIALIZED
                  00007040    00000010     F2806x_GlobalVariableDefs.obj (SpiaRegsFile)

SciaRegsFile 
*          1    00007050    00000010     UNINITIALIZED
                  00007050    00000010     F2806x_GlobalVariableDefs.obj (SciaRegsFile)

NmiIntruptRegsFile 
*          1    00007060    00000010     UNINITIALIZED
                  00007060    00000010     F2806x_GlobalVariableDefs.obj (NmiIntruptRegsFile)

XIntruptRegsFile 
*          1    00007070    00000010     UNINITIALIZED
                  00007070    00000010     F2806x_GlobalVariableDefs.obj (XIntruptRegsFile)

AdcRegsFile 
*          1    00007100    00000050     UNINITIALIZED
                  00007100    00000050     F2806x_GlobalVariableDefs.obj (AdcRegsFile)

SpibRegsFile 
*          1    00007740    00000010     UNINITIALIZED
                  00007740    00000010     F2806x_GlobalVariableDefs.obj (SpibRegsFile)

ScibRegsFile 
*          1    00007750    00000010     UNINITIALIZED
                  00007750    00000010     F2806x_GlobalVariableDefs.obj (ScibRegsFile)

I2caRegsFile 
*          1    00007900    00000022     UNINITIALIZED
                  00007900    00000022     F2806x_GlobalVariableDefs.obj (I2caRegsFile)

PartIdRegsFile 
*          1    003d7e80    00000001     UNINITIALIZED
                  003d7e80    00000001     F2806x_GlobalVariableDefs.obj (PartIdRegsFile)

CsmPwlFile 
*          1    003f7ff8    00000008     UNINITIALIZED
                  003f7ff8    00000008     F2806x_GlobalVariableDefs.obj (CsmPwlFile)

.pinit     0    003f4000    00000000     UNINITIALIZED

.text      0    003f4000    00001205     
                  003f4000    0000031c     SPLL_1ph_SOGI_IQ.obj (.text)
                  003f431c    00000311     SciCommsGui.obj (.text)
                  003f462d    000001db     FlashingLeds-DevInit_F2806x.obj (.text)
                  003f4808    000001c2     ADC_SOC_Cnf.obj (.text)
                  003f49ca    000001b6     PWM_ComplPairDB_Cnf.obj (.text)
                  003f4b80    00000185     FlashingLeds-Main.obj (.text)
                  003f4d05    00000151     PWM_1ch_Cnf.obj (.text)
                  003f4e56    000000c5     FlashingLeds-Main.obj (.text:retain)
                  003f4f1b    00000088     rts2800_fpu32.lib : fs_div28.asm.obj (.text)
                  003f4fa3    00000083                       : fd_mpy28.asm.obj (.text)
                  003f5026    0000005e     SciCommsGui.obj (.text:retain)
                  003f5084    00000056     rts2800_fpu32.lib : boot28.asm.obj (.text)
                  003f50da    00000034     FlashingLeds-DPL-ISR.obj (.text)
                  003f510e    00000029     rts2800_fpu32.lib : exit.c.obj (.text)
                  003f5137    00000024                       : cpy_tbl.c.obj (.text)
                  003f515b    0000001f                       : fd_tol28.asm.obj (.text)
                  003f517a    0000001d                       : i_tofd28.asm.obj (.text)
                  003f5197    0000001d                       : memcpy.c.obj (.text)
                  003f51b4    0000001c                       : fs_tofdfpu32.asm.obj (.text)
                  003f51d0    00000012                       : args_main.c.obj (.text)
                  003f51e2    0000000a     FlashingLeds-DevInit_F2806x.obj (.text:retain)
                  003f51ec    00000009     rts2800_fpu32.lib : _lock.c.obj (.text)
                  003f51f5    00000008     F2806x_CodeStartBranch.obj (.text)
                  003f51fd    00000005     FlashingLeds-CLA.obj (.text)
                  003f5202    00000002     rts2800_fpu32.lib : pre_init.c.obj (.text)
                  003f5204    00000001                       : startup.c.obj (.text)

codestart 
*          0    003f7ff6    00000002     
                  003f7ff6    00000002     F2806x_CodeStartBranch.obj (codestart)

.stack     1    00000050    00000380     UNINITIALIZED
                  00000050    00000380     --HOLE--

.ebss      1    00008c00    000001ca     UNINITIALIZED
                  00008c00    00000086     FlashingLeds-Main.obj (.ebss)
                  00008c86    00000028     FlashingLeds-Main.obj (.ebss:_ADC_Data)
                  00008cae    00000010     FlashingLeds-Main.obj (.ebss:_ACQPS)
                  00008cbe    00000002     rts2800_fpu32.lib : _lock.c.obj (.ebss:__lock)
                  00008cc0    00000020     SciCommsGui.obj (.ebss:_CmdDispatcher)
                  00008ce0    00000020     FlashingLeds-Main.obj (.ebss:_RX_Data)
                  00008d00    00000018     SciCommsGui.obj (.ebss)
                  00008d18    00000014     FlashingLeds-Main.obj (.ebss:_ControlParameter)
                  00008d2c    00000010     FlashingLeds-Main.obj (.ebss:_ChSel)
                  00008d3c    00000004     FlashingLeds-Main.obj (.ebss:_Button)
                  00008d40    00000010     FlashingLeds-Main.obj (.ebss:_TrigSel)
                  00008d50    00000010     FlashingLeds-Main.obj (.ebss:_arrayGetList)
                  00008d60    00000010     FlashingLeds-Main.obj (.ebss:_ePWM)
                  00008d70    00000010     FlashingLeds-Main.obj (.ebss:_varGetList)
                  00008d80    00000010     FlashingLeds-Main.obj (.ebss:_varSetBtnList)
                  00008d90    00000010     FlashingLeds-Main.obj (.ebss:_varSetSldrList)
                  00008da0    00000010     FlashingLeds-Main.obj (.ebss:_varSetTxtList)
                  00008db0    00000006     SciCommsGui.obj (.ebss:_CmdPacket)
                  00008db6    00000006     rts2800_fpu32.lib : exit.c.obj (.ebss)
                  00008dbc    00000004     FlashingLeds-Main.obj (.ebss:_Frame_end)
                  00008dc0    00000004     FlashingLeds-Main.obj (.ebss:_Frame_head2)
                  00008dc4    00000004     FlashingLeds-Main.obj (.ebss:_Frame_headE)
                  00008dc8    00000002     rts2800_fpu32.lib : _lock.c.obj (.ebss:__unlock)

.econst    0    003f5350    00000008     
                  003f5350    00000004     FlashingLeds-Main.obj (.econst)
                  003f5354    00000004     SPLL_1ph_SOGI_IQ.obj (.econst)

IQmath     0    003f52d9    00000076     
                  003f52d9    00000031     IQmath_fpu32.lib : IQ23sin.obj (IQmath)
                  003f530a    0000002f                      : IQ23cos.obj (IQmath)
                  003f5339    00000016                      : IQ23toF.obj (IQmath)

IQmathTables 
*          0    003fdf00    00000b50     NOLOAD SECTION
                  003fdf00    00000b50     IQmath_fpu32.lib : IQmathTables.obj (IQmathTables)

.reset     0    003fffc0    00000002     DSECT
                  003fffc0    00000002     rts2800_fpu32.lib : boot28.asm.obj (.reset)

vectors    0    003fffc2    00000000     DSECT

PWMDRV_ComplPairDB_Section 
*          1    0000a000    0000000f     UNINITIALIZED
                  0000a000    0000000f     FlashingLeds-DPL-ISR.obj (PWMDRV_ComplPairDB_Section)

PWMDRV_1ch_Section 
*          1    0000a010    00000004     UNINITIALIZED
                  0000a010    00000004     FlashingLeds-DPL-ISR.obj (PWMDRV_1ch_Section)

ADCDRV_1ch_Section 
*          1    0000a014    00000002     UNINITIALIZED
                  0000a014    00000002     FlashingLeds-DPL-ISR.obj (ADCDRV_1ch_Section)

ZeroNet_Section 
*          1    0000a016    00000002     UNINITIALIZED
                  0000a016    00000002     FlashingLeds-DPL-ISR.obj (ZeroNet_Section)

MODULE SUMMARY

       Module                            code   initialized data   uninitialized data
       ------                            ----   ----------------   ------------------
    .\
       F2806x_GlobalVariableDefs.obj     0      0                  2275              
       FlashingLeds-Main.obj             586    181                386               
       F2806x_CodeStartBranch.obj        10     0                  0                 
    +--+---------------------------------+------+------------------+--------------------+
       Total:                            596    181                2661              
                                                                                     
    .\asm\
       FlashingLeds-CLA.obj              261    0                  2                 
       FlashingLeds-DPL-ISR.obj          228    0                  23                
       F2806x_usDelay.obj                8      0                  0                 
    +--+---------------------------------+------+------------------+--------------------+
       Total:                            497    0                  25                
                                                                                     
    .\source\
       SciCommsGui.obj                   879    9                  62                
       SPLL_1ph_SOGI_IQ.obj              796    4                  0                 
       FlashingLeds-DevInit_F2806x.obj   539    0                  0                 
       ADC_SOC_Cnf.obj                   450    0                  0                 
       PWM_ComplPairDB_Cnf.obj           438    0                  0                 
       PWM_1ch_Cnf.obj                   337    0                  0                 
    +--+---------------------------------+------+------------------+--------------------+
       Total:                            3439   13                 62                
                                                                                     
    ../IQmath_fpu32.lib
       IQmathTables.obj                  0      2896               0                 
       IQ23sin.obj                       49     0                  0                 
       IQ23cos.obj                       47     0                  0                 
       IQ23toF.obj                       22     0                  0                 
    +--+---------------------------------+------+------------------+--------------------+
       Total:                            118    2896               0                 
                                                                                     
    D:\ti\ccs1271\ccs\tools\compiler\ti-cgt-c2000_22.6.1.LTS\lib\rts2800_fpu32.lib
       fs_div28.asm.obj                  136    0                  0                 
       fd_mpy28.asm.obj                  131    0                  0                 
       boot28.asm.obj                    86     0                  0                 
       exit.c.obj                        41     14                 6                 
       cpy_tbl.c.obj                     36     0                  0                 
       fd_tol28.asm.obj                  31     0                  0                 
       i_tofd28.asm.obj                  29     0                  0                 
       memcpy.c.obj                      29     0                  0                 
       fs_tofdfpu32.asm.obj              28     0                  0                 
       _lock.c.obj                       9      10                 4                 
       args_main.c.obj                   18     0                  0                 
       pre_init.c.obj                    2      0                  0                 
       startup.c.obj                     1      0                  0                 
    +--+---------------------------------+------+------------------+--------------------+
       Total:                            577    24                 10                
                                                                                     
       Stack:                            0      0                  896               
    +--+---------------------------------+------+------------------+--------------------+
       Grand Total:                      5227   3114               3654              


GLOBAL DATA SYMBOLS: SORTED BY DATA PAGE

address     data page           name
--------    ----------------    ----
00000050       1 (00000040)     __stack

00000880      22 (00000880)     _DevEmuRegs

00000985      26 (00000980)     _SysPwrCtrlRegs

00000a80      2a (00000a80)     _FlashRegs

00000ae0      2b (00000ac0)     _CsmRegs

00000b00      2c (00000b00)     _AdcResult

00000c00      30 (00000c00)     _CpuTimer0Regs
00000c08      30 (00000c00)     _CpuTimer1Regs
00000c10      30 (00000c00)     _CpuTimer2Regs

00000ce0      33 (00000cc0)     _PieCtrlRegs

00000d00      34 (00000d00)     _EmuKey
00000d00      34 (00000d00)     _PieVectTable
00000d01      34 (00000d00)     _EmuBMode
00000d02      34 (00000d00)     _Flash_CallbackPtr
00000d04      34 (00000d00)     _Flash_CPUScaleFactor

00001000      40 (00001000)     _DmaRegs

00001400      50 (00001400)     _Cla1Regs

00005000     140 (00005000)     _McbspaRegs

00006000     180 (00006000)     _ECanaRegs

00006040     181 (00006040)     _ECanaLAMRegs

00006080     182 (00006080)     _ECanaMOTSRegs

000060c0     183 (000060c0)     _ECanaMOTORegs

00006100     184 (00006100)     _ECanaMboxes

00006400     190 (00006400)     _Comp1Regs
00006420     190 (00006400)     _Comp2Regs

00006440     191 (00006440)     _Comp3Regs

00006800     1a0 (00006800)     _EPwm1Regs

00006840     1a1 (00006840)     _EPwm2Regs

00006880     1a2 (00006880)     _EPwm3Regs

000068c0     1a3 (000068c0)     _EPwm4Regs

00006900     1a4 (00006900)     _EPwm5Regs

00006940     1a5 (00006940)     _EPwm6Regs

00006980     1a6 (00006980)     _EPwm7Regs

000069c0     1a7 (000069c0)     _EPwm8Regs

00006a00     1a8 (00006a00)     _ECap1Regs
00006a20     1a8 (00006a00)     _ECap2Regs

00006a40     1a9 (00006a40)     _ECap3Regs

00006b00     1ac (00006b00)     _EQep1Regs

00006b40     1ad (00006b40)     _EQep2Regs

00006f80     1be (00006f80)     _GpioCtrlRegs

00006fc0     1bf (00006fc0)     _GpioDataRegs
00006fe0     1bf (00006fc0)     _GpioIntRegs

00007010     1c0 (00007000)     _SysCtrlRegs

00007040     1c1 (00007040)     _SpiaRegs
00007050     1c1 (00007040)     _SciaRegs
00007060     1c1 (00007040)     _NmiIntruptRegs
00007070     1c1 (00007040)     _XIntruptRegs

00007100     1c4 (00007100)     _AdcRegs

00007740     1dd (00007740)     _SpibRegs
00007750     1dd (00007740)     _ScibRegs

00007900     1e4 (00007900)     _I2caRegs

00008c00     230 (00008c00)     _SerialCommsTimer
00008c01     230 (00008c00)     _CommsOKflg
00008c02     230 (00008c00)     _Gui_LedPrd_ms
00008c03     230 (00008c00)     _LedBlinkTimer
00008c04     230 (00008c00)     _i
00008c05     230 (00008c00)     _j
00008c06     230 (00008c00)     _Runf
00008c07     230 (00008c00)     _Run_Button
00008c08     230 (00008c00)     _WaveSend_Button
00008c09     230 (00008c00)     _RX_OKflg
00008c0a     230 (00008c00)     _ADC_Send_flag
00008c0c     230 (00008c00)     _Alpha_State_Ptr
00008c0e     230 (00008c00)     _A_Task_Ptr
00008c10     230 (00008c00)     _B_Task_Ptr
00008c12     230 (00008c00)     _C_Task_Ptr
00008c14     230 (00008c00)     _xunixinghao
00008c16     230 (00008c00)     _Duty
00008c18     230 (00008c00)     _Duty_Boost1
00008c1a     230 (00008c00)     _Duty_Boost2
00008c1c     230 (00008c00)     _ADC1Out
00008c1e     230 (00008c00)     _Dutyf
00008c20     230 (00008c00)     _Duty_Boostf1
00008c22     230 (00008c00)     _Duty_Boostf2

00008c40     231 (00008c40)     _spll1

00008c86     232 (00008c80)     _ADC_Data
00008cae     232 (00008c80)     _ACQPS
00008cbe     232 (00008c80)     __lock

00008cc0     233 (00008cc0)     _CmdDispatcher
00008ce0     233 (00008cc0)     _RX_Data

00008d00     234 (00008d00)     _RX_Byte_count
00008d01     234 (00008d00)     _LowByteFlag
00008d02     234 (00008d00)     _SendTaskPtr
00008d03     234 (00008d00)     _RxChar
00008d04     234 (00008d00)     _RxWord
00008d05     234 (00008d00)     _TaskDoneFlag
00008d06     234 (00008d00)     _NumWords
00008d07     234 (00008d00)     _wordsLeftToGet
00008d08     234 (00008d00)     _dataOut
00008d09     234 (00008d00)     _RcvTskPtrShdw
00008d0a     234 (00008d00)     _delayer
00008d0b     234 (00008d00)     _MemGetPtr
00008d0c     234 (00008d00)     _MemGetAmount
00008d0e     234 (00008d00)     _RcvTaskPointer
00008d10     234 (00008d00)     _memDataPtr
00008d12     234 (00008d00)     _MemGetAddress
00008d14     234 (00008d00)     _Temp
00008d16     234 (00008d00)     _qq
00008d18     234 (00008d00)     _ControlParameter
00008d2c     234 (00008d00)     _ChSel
00008d3c     234 (00008d00)     _Button

00008d40     235 (00008d40)     _TrigSel
00008d50     235 (00008d40)     _arrayGetList
00008d60     235 (00008d40)     _ePWM
00008d70     235 (00008d40)     _varGetList

00008d80     236 (00008d80)     _varSetBtnList
00008d90     236 (00008d80)     _varSetSldrList
00008da0     236 (00008d80)     _varSetTxtList
00008db0     236 (00008d80)     _CmdPacket
00008db6     236 (00008d80)     ___TI_enable_exit_profile_output
00008db8     236 (00008d80)     ___TI_cleanup_ptr
00008dba     236 (00008d80)     ___TI_dtors_ptr
00008dbc     236 (00008d80)     _Frame_end

00008dc0     237 (00008dc0)     _Frame_head2
00008dc4     237 (00008dc0)     _Frame_headE
00008dc8     237 (00008dc0)     __unlock

0000a000     280 (0000a000)     _PWMDRV_ComplPairDB_Duty6
0000a002     280 (0000a000)     _PWMDRV_ComplPairDB_Period6
0000a004     280 (0000a000)     _PWMDRV_ComplPairDB_DeadBandRED6
0000a006     280 (0000a000)     _PWMDRV_ComplPairDB_DeadBandFED6
0000a008     280 (0000a000)     _PWMDRV_ComplPairDB_Duty7
0000a00a     280 (0000a000)     _PWMDRV_ComplPairDB_Period7
0000a00c     280 (0000a000)     _PWMDRV_ComplPairDB_DeadBandRED7
0000a00e     280 (0000a000)     _PWMDRV_ComplPairDB_DeadBandFED7
0000a010     280 (0000a000)     _PWMDRV_1ch_Duty1
0000a012     280 (0000a000)     _PWMDRV_1ch_Period1
0000a014     280 (0000a000)     _ADCDRV_1ch_Rlt1

003d7e80    f5fa (003d7e80)     _PartIdRegs

003f7ff8    fdff (003f7fc0)     _CsmPwl

003fdf00    ff7c (003fdf00)     _IQsinTable

003fe000    ff80 (003fe000)     _IQcosTable

003fe300    ff8c (003fe300)     _IQsinTableEnd

003fe402    ff90 (003fe400)     _IQcosTableEnd
003fe402    ff90 (003fe400)     _IQdivRoundSatTable
003fe410    ff90 (003fe400)     _IQdivTable

003fe612    ff98 (003fe600)     _IQdivTableEnd
003fe612    ff98 (003fe600)     _IQisqrtRoundSatTable
003fe612    ff98 (003fe600)     _IQsqrtRoundSatTable
003fe622    ff98 (003fe600)     _IQisqrtTable
003fe622    ff98 (003fe600)     _IQsqrtTable

003fe724    ff9c (003fe700)     _IQatan2HalfPITable
003fe724    ff9c (003fe700)     _IQisqrtTableEnd
003fe724    ff9c (003fe700)     _IQsqrtTableEnd

003fe762    ff9d (003fe740)     _IQatan2Table

003fe8e8    ffa3 (003fe8c0)     _IQ30mpyRndSatTable
003fe8e8    ffa3 (003fe8c0)     _IQatan2TableEnd
003fe8e8    ffa3 (003fe8c0)     _IQmpyRndSatTable
003fe8f4    ffa3 (003fe8c0)     _IQ29mpyRndSatTable

003fe900    ffa4 (003fe900)     _IQ28mpyRndSatTable
003fe90c    ffa4 (003fe900)     _IQ27mpyRndSatTable
003fe918    ffa4 (003fe900)     _IQ26mpyRndSatTable
003fe924    ffa4 (003fe900)     _IQ25mpyRndSatTable
003fe930    ffa4 (003fe900)     _IQ24mpyRndSatTable
003fe93c    ffa4 (003fe900)     _IQ23mpyRndSatTable

003fe948    ffa5 (003fe940)     _IQ22mpyRndSatTable
003fe954    ffa5 (003fe940)     _IQ21mpyRndSatTable
003fe960    ffa5 (003fe940)     _IQ20mpyRndSatTable
003fe96c    ffa5 (003fe940)     _IQ19mpyRndSatTable
003fe978    ffa5 (003fe940)     _IQ18mpyRndSatTable

003fe984    ffa6 (003fe980)     _IQ17mpyRndSatTable
003fe990    ffa6 (003fe980)     _IQ16mpyRndSatTable
003fe99c    ffa6 (003fe980)     _IQ15mpyRndSatTable
003fe9a8    ffa6 (003fe980)     _IQ14mpyRndSatTable
003fe9b4    ffa6 (003fe980)     _IQ13mpyRndSatTable

003fe9c0    ffa7 (003fe9c0)     _IQ12mpyRndSatTable
003fe9cc    ffa7 (003fe9c0)     _IQ11mpyRndSatTable
003fe9d8    ffa7 (003fe9c0)     _IQ10mpyRndSatTable
003fe9e4    ffa7 (003fe9c0)     _IQ9mpyRndSatTable
003fe9f0    ffa7 (003fe9c0)     _IQ8mpyRndSatTable
003fe9fc    ffa7 (003fe9c0)     _IQ7mpyRndSatTable

003fea08    ffa8 (003fea00)     _IQ6mpyRndSatTable
003fea14    ffa8 (003fea00)     _IQ5mpyRndSatTable
003fea20    ffa8 (003fea00)     _IQ4mpyRndSatTable
003fea2c    ffa8 (003fea00)     _IQ3mpyRndSatTable
003fea38    ffa8 (003fea00)     _IQ2mpyRndSatTable

003fea44    ffa9 (003fea40)     _IQ1mpyRndSatTable
003fea50    ffa9 (003fea40)     _IQmpyRndSatTableEnd


GLOBAL SYMBOLS: SORTED ALPHABETICALLY BY Name 

page  address   name                            
----  -------   ----                            
0     003f4000  .text                           
0     003f510e  C$$EXIT                         
0     003f4fa3  FD$$MPY                         
0     003f515b  FD$$TOL                         
0     003f4f1b  FS$$DIV                         
0     003f51b4  FS$$TOFD                        
0     003f517a  I$$TOFD                         
0     003f4c6b  _A0                             
0     003f4ca7  _A1                             
0     003f4cdf  _A2                             
1     00008cae  _ACQPS                          
1     00008c1c  _ADC1Out                        
1     0000a014  _ADCDRV_1ch_Rlt1                
1     00008c86  _ADC_Data                       
0     003f4e56  _ADC_INT                        
0     003f4808  _ADC_SOC_CNF                    
1     00008c0a  _ADC_Send_flag                  
1     00008c0e  _A_Task_Ptr                     
1     00007100  _AdcRegs                        
1     00000b00  _AdcResult                      
1     00008c0c  _Alpha_State_Ptr                
0     003f44f4  _ArrayGet                       
0     003f4c81  _B0                             
0     003f4ce5  _B1                             
0     003f4cef  _B2                             
1     00008c10  _B_Task_Ptr                     
1     00008d3c  _Button                         
0     003f44cf  _ButtonSet                      
0     003f4c94  _C0                             
0     003f4cf5  _C1                             
0     003f4cff  _C2                             
1     00008c12  _C_Task_Ptr                     
1     00008d2c  _ChSel                          
0     00009000  _Cla1Prog_Start                 
1     00001400  _Cla1Regs                       
0     00009012  _Cla1T1End                      
0     00009024  _Cla1T2End                      
0     00009032  _Cla1T3End                      
0     00009040  _Cla1T4End                      
0     0000904e  _Cla1T5End                      
0     00009060  _Cla1T6End                      
0     00009072  _Cla1T7End                      
0     00009080  _Cla1T8End                      
0     00009000  _Cla1Task1                      
0     00009012  _Cla1Task2                      
0     00009024  _Cla1Task3                      
0     00009032  _Cla1Task4                      
0     00009040  _Cla1Task5                      
0     0000904e  _Cla1Task6                      
0     00009060  _Cla1Task7                      
0     00009072  _Cla1Task8                      
0     003ec080  _Cla1funcsLoadEnd               
0     003ec000  _Cla1funcsLoadStart             
0     00009000  _Cla1funcsRunStart              
1     00008cc0  _CmdDispatcher                  
0     003f446a  _CmdInterpreter                 
1     00008db0  _CmdPacket                      
1     00008c01  _CommsOKflg                     
1     00006400  _Comp1Regs                      
1     00006420  _Comp2Regs                      
1     00006440  _Comp3Regs                      
1     00008d18  _ControlParameter               
1     00000c00  _CpuTimer0Regs                  
1     00000c08  _CpuTimer1Regs                  
1     00000c10  _CpuTimer2Regs                  
1     003f7ff8  _CsmPwl                         
1     00000ae0  _CsmRegs                        
0     003f51fd  _DPL_CLAInit                    
0     00008000  _DPL_ISR                        
0     003f50da  _DPL_Init                       
0     00008073  _DSP28x_usDelay                 
0     003f44f7  _DataGet                        
1     00000880  _DevEmuRegs                     
0     003f462d  _DeviceInit                     
1     00001000  _DmaRegs                        
1     00008c16  _Duty                           
1     00008c18  _Duty_Boost1                    
1     00008c1a  _Duty_Boost2                    
1     00008c20  _Duty_Boostf1                   
1     00008c22  _Duty_Boostf2                   
1     00008c1e  _Dutyf                          
1     00006040  _ECanaLAMRegs                   
1     000060c0  _ECanaMOTORegs                  
1     00006080  _ECanaMOTSRegs                  
1     00006100  _ECanaMboxes                    
1     00006000  _ECanaRegs                      
1     00006a00  _ECap1Regs                      
1     00006a20  _ECap2Regs                      
1     00006a40  _ECap3Regs                      
1     00006800  _EPwm1Regs                      
1     00006840  _EPwm2Regs                      
1     00006880  _EPwm3Regs                      
1     000068c0  _EPwm4Regs                      
1     00006900  _EPwm5Regs                      
1     00006940  _EPwm6Regs                      
1     00006980  _EPwm7Regs                      
1     000069c0  _EPwm8Regs                      
1     00006b00  _EQep1Regs                      
1     00006b40  _EQep2Regs                      
0     003f43c3  _EchoCmdByte                    
0     003f4439  _EchoDataByte                   
0     003f43fe  _EchoSizeByte                   
1     00000d01  _EmuBMode                       
1     00000d00  _EmuKey                         
1     00000a80  _FlashRegs                      
1     00000d04  _Flash_CPUScaleFactor           
1     00000d02  _Flash_CallbackPtr              
1     00008dbc  _Frame_end                      
1     00008dc0  _Frame_head2                    
1     00008dc4  _Frame_headE                    
0     003f438a  _GetCmdByte                     
0     003f4417  _GetDataByte                    
0     003f4593  _GetRX_Cmd                      
0     003f43dc  _GetSizeByte                    
1     00006f80  _GpioCtrlRegs                   
1     00006fc0  _GpioDataRegs                   
1     00006fe0  _GpioIntRegs                    
1     00008c02  _Gui_LedPrd_ms                  
1     00007900  _I2caRegs                       
0     003fe9d8  _IQ10mpyRndSatTable             
0     003fe9cc  _IQ11mpyRndSatTable             
0     003fe9c0  _IQ12mpyRndSatTable             
0     003fe9b4  _IQ13mpyRndSatTable             
0     003fe9a8  _IQ14mpyRndSatTable             
0     003fe99c  _IQ15mpyRndSatTable             
0     003fe990  _IQ16mpyRndSatTable             
0     003fe984  _IQ17mpyRndSatTable             
0     003fe978  _IQ18mpyRndSatTable             
0     003fe96c  _IQ19mpyRndSatTable             
0     003fea44  _IQ1mpyRndSatTable              
0     003fe960  _IQ20mpyRndSatTable             
0     003fe954  _IQ21mpyRndSatTable             
0     003fe948  _IQ22mpyRndSatTable             
0     003fe93c  _IQ23mpyRndSatTable             
0     003fe930  _IQ24mpyRndSatTable             
0     003fe924  _IQ25mpyRndSatTable             
0     003fe918  _IQ26mpyRndSatTable             
0     003fe90c  _IQ27mpyRndSatTable             
0     003fe900  _IQ28mpyRndSatTable             
0     003fe8f4  _IQ29mpyRndSatTable             
0     003fea38  _IQ2mpyRndSatTable              
0     003fe8e8  _IQ30mpyRndSatTable             
0     003fea2c  _IQ3mpyRndSatTable              
0     003fea20  _IQ4mpyRndSatTable              
0     003fea14  _IQ5mpyRndSatTable              
0     003fea08  _IQ6mpyRndSatTable              
0     003fe9fc  _IQ7mpyRndSatTable              
0     003fe9f0  _IQ8mpyRndSatTable              
0     003fe9e4  _IQ9mpyRndSatTable              
0     003fe724  _IQatan2HalfPITable             
0     003fe762  _IQatan2Table                   
0     003fe8e8  _IQatan2TableEnd                
0     003fe000  _IQcosTable                     
0     003fe402  _IQcosTableEnd                  
0     003fe402  _IQdivRoundSatTable             
0     003fe410  _IQdivTable                     
0     003fe612  _IQdivTableEnd                  
0     003fe612  _IQisqrtRoundSatTable           
0     003fe622  _IQisqrtTable                   
0     003fe724  _IQisqrtTableEnd                
0     003fe8e8  _IQmpyRndSatTable               
0     003fea50  _IQmpyRndSatTableEnd            
0     003fdf00  _IQsinTable                     
0     003fe300  _IQsinTableEnd                  
0     003fe612  _IQsqrtRoundSatTable            
0     003fe622  _IQsqrtTable                    
0     003fe724  _IQsqrtTableEnd                 
0     003f51e2  _ISR_ILLEGAL                    
0     00008058  _InitFlash                      
1     00008c03  _LedBlinkTimer                  
0     003f4492  _LifePulseTsk                   
1     00008d01  _LowByteFlag                    
1     00005000  _McbspaRegs                     
0     003f47f5  _MemCopy                        
1     00008d12  _MemGetAddress                  
1     00008d0c  _MemGetAmount                   
1     00008d0b  _MemGetPtr                      
1     00007060  _NmiIntruptRegs                 
1     00008d06  _NumWords                       
0     003f4780  _PLLset                         
1     0000a010  _PWMDRV_1ch_Duty1               
1     0000a012  _PWMDRV_1ch_Period1             
1     0000a006  _PWMDRV_ComplPairDB_DeadBandFED6
1     0000a00e  _PWMDRV_ComplPairDB_DeadBandFED7
1     0000a004  _PWMDRV_ComplPairDB_DeadBandRED6
1     0000a00c  _PWMDRV_ComplPairDB_DeadBandRED7
1     0000a000  _PWMDRV_ComplPairDB_Duty6       
1     0000a008  _PWMDRV_ComplPairDB_Duty7       
1     0000a002  _PWMDRV_ComplPairDB_Period6     
1     0000a00a  _PWMDRV_ComplPairDB_Period7     
0     003f4d05  _PWM_1ch_CNF                    
0     003f49ca  _PWM_ComplPairDB_CNF            
0     003f4b63  _PWM_ComplPairDB_UpdateDB       
0     003f444c  _PackWord                       
1     003d7e80  _PartIdRegs                     
0     003f47ba  _PieCntlInit                    
1     00000ce0  _PieCtrlRegs                    
1     00000d00  _PieVectTable                   
0     003f47d9  _PieVectTableInit               
1     00008d00  _RX_Byte_count                  
1     00008ce0  _RX_Data                        
1     00008c09  _RX_OKflg                       
0     003e8077  _RamfuncsLoadEnd                
0     003e8000  _RamfuncsLoadStart              
0     00008000  _RamfuncsRunStart               
1     00008d0e  _RcvTaskPointer                 
1     00008d09  _RcvTskPtrShdw                  
1     00008c07  _Run_Button                     
1     00008c06  _Runf                           
1     00008d03  _RxChar                         
1     00008d04  _RxWord                         
0     003f431c  _SCIA_Init                      
0     003f41a7  _SPLL_1ph_SOGI_IQ_FUNC          
0     003f4086  _SPLL_1ph_SOGI_IQ_coeff_update  
0     003f4000  _SPLL_1ph_SOGI_IQ_init          
1     00007050  _SciaRegs                       
1     00007750  _ScibRegs                       
0     003f4530  _SendData                       
1     00008d02  _SendTaskPtr                    
1     00008c00  _SerialCommsTimer               
0     003f4385  _SerialHostComms                
0     003f44e0  _SliderSet                      
0     003f4526  _SpareTsk07                     
0     003f452b  _SpareTsk08                     
1     00007040  _SpiaRegs                       
1     00007740  _SpibRegs                       
1     00007010  _SysCtrlRegs                    
1     00000985  _SysPwrCtrlRegs                 
1     00008d05  _TaskDoneFlag                   
1     00008d14  _Temp                           
0     003f44be  _TextSet                        
1     00008d40  _TrigSel                        
0     003f44f1  _VariableGet                    
0     003f4778  _WDogDisable                    
1     00008c08  _WaveSend_Button                
1     00007070  _XIntruptRegs                   
0     003f530a  __IQ23cos                       
0     003f52d9  __IQ23sin                       
0     003f5339  __IQ23toF                       
1     000003d0  __STACK_END                     
abs   00000380  __STACK_SIZE                    
1     00008db8  ___TI_cleanup_ptr               
1     00008dba  ___TI_dtors_ptr                 
1     00008db6  ___TI_enable_exit_profile_output
abs   ffffffff  ___TI_pprof_out_hndl            
abs   ffffffff  ___TI_prof_data_size            
abs   ffffffff  ___TI_prof_data_start           
abs   ffffffff  ___binit__                      
abs   ffffffff  ___c_args__                     
0     003f5205  ___cinit__                      
0     003f5205  ___etext__                      
abs   ffffffff  ___pinit__                      
0     003f4000  ___text__                       
0     003f51d0  __args_main                     
1     00008cbe  __lock                          
0     003f51f4  __nop                           
0     003f51f0  __register_lock                 
0     003f51ec  __register_unlock               
1     00000050  __stack                         
0     003f5204  __system_post_cinit             
0     003f5202  __system_pre_init               
1     00008dc8  __unlock                        
0     003f510e  _abort                          
1     00008d50  _arrayGetList                   
0     003f5084  _c_int00                        
0     003f5137  _copy_in                        
1     00008d08  _dataOut                        
1     00008d0a  _delayer                        
1     00008d60  _ePWM                           
0     003f5110  _exit                           
1     00008c04  _i                              
1     00008c05  _j                              
0     003f4b80  _main                           
1     00008d10  _memDataPtr                     
0     003f5197  _memcpy                         
1     00008d16  _qq                             
0     003f5026  _sciaRxFifoIsr                  
0     003f461a  _scia_msg                       
0     003f45fd  _scia_send_float                
0     003f45f0  _send_char                      
1     00008c40  _spll1                          
1     00008d70  _varGetList                     
1     00008d80  _varSetBtnList                  
1     00008d90  _varSetSldrList                 
1     00008da0  _varSetTxtList                  
1     00008d07  _wordsLeftToGet                 
1     00008c14  _xunixinghao                    
abs   ffffffff  binit                           
0     003f5205  cinit                           
0     003f7ff6  code_start                      
0     003f5205  etext                           
abs   ffffffff  pinit                           


GLOBAL SYMBOLS: SORTED BY Symbol Address 

page  address   name                            
----  -------   ----                            
0     00008000  _DPL_ISR                        
0     00008000  _RamfuncsRunStart               
0     00008058  _InitFlash                      
0     00008073  _DSP28x_usDelay                 
0     00009000  _Cla1Prog_Start                 
0     00009000  _Cla1Task1                      
0     00009000  _Cla1funcsRunStart              
0     00009012  _Cla1T1End                      
0     00009012  _Cla1Task2                      
0     00009024  _Cla1T2End                      
0     00009024  _Cla1Task3                      
0     00009032  _Cla1T3End                      
0     00009032  _Cla1Task4                      
0     00009040  _Cla1T4End                      
0     00009040  _Cla1Task5                      
0     0000904e  _Cla1T5End                      
0     0000904e  _Cla1Task6                      
0     00009060  _Cla1T6End                      
0     00009060  _Cla1Task7                      
0     00009072  _Cla1T7End                      
0     00009072  _Cla1Task8                      
0     00009080  _Cla1T8End                      
0     003e8000  _RamfuncsLoadStart              
0     003e8077  _RamfuncsLoadEnd                
0     003ec000  _Cla1funcsLoadStart             
0     003ec080  _Cla1funcsLoadEnd               
0     003f4000  .text                           
0     003f4000  _SPLL_1ph_SOGI_IQ_init          
0     003f4000  ___text__                       
0     003f4086  _SPLL_1ph_SOGI_IQ_coeff_update  
0     003f41a7  _SPLL_1ph_SOGI_IQ_FUNC          
0     003f431c  _SCIA_Init                      
0     003f4385  _SerialHostComms                
0     003f438a  _GetCmdByte                     
0     003f43c3  _EchoCmdByte                    
0     003f43dc  _GetSizeByte                    
0     003f43fe  _EchoSizeByte                   
0     003f4417  _GetDataByte                    
0     003f4439  _EchoDataByte                   
0     003f444c  _PackWord                       
0     003f446a  _CmdInterpreter                 
0     003f4492  _LifePulseTsk                   
0     003f44be  _TextSet                        
0     003f44cf  _ButtonSet                      
0     003f44e0  _SliderSet                      
0     003f44f1  _VariableGet                    
0     003f44f4  _ArrayGet                       
0     003f44f7  _DataGet                        
0     003f4526  _SpareTsk07                     
0     003f452b  _SpareTsk08                     
0     003f4530  _SendData                       
0     003f4593  _GetRX_Cmd                      
0     003f45f0  _send_char                      
0     003f45fd  _scia_send_float                
0     003f461a  _scia_msg                       
0     003f462d  _DeviceInit                     
0     003f4778  _WDogDisable                    
0     003f4780  _PLLset                         
0     003f47ba  _PieCntlInit                    
0     003f47d9  _PieVectTableInit               
0     003f47f5  _MemCopy                        
0     003f4808  _ADC_SOC_CNF                    
0     003f49ca  _PWM_ComplPairDB_CNF            
0     003f4b63  _PWM_ComplPairDB_UpdateDB       
0     003f4b80  _main                           
0     003f4c6b  _A0                             
0     003f4c81  _B0                             
0     003f4c94  _C0                             
0     003f4ca7  _A1                             
0     003f4cdf  _A2                             
0     003f4ce5  _B1                             
0     003f4cef  _B2                             
0     003f4cf5  _C1                             
0     003f4cff  _C2                             
0     003f4d05  _PWM_1ch_CNF                    
0     003f4e56  _ADC_INT                        
0     003f4f1b  FS$$DIV                         
0     003f4fa3  FD$$MPY                         
0     003f5026  _sciaRxFifoIsr                  
0     003f5084  _c_int00                        
0     003f50da  _DPL_Init                       
0     003f510e  C$$EXIT                         
0     003f510e  _abort                          
0     003f5110  _exit                           
0     003f5137  _copy_in                        
0     003f515b  FD$$TOL                         
0     003f517a  I$$TOFD                         
0     003f5197  _memcpy                         
0     003f51b4  FS$$TOFD                        
0     003f51d0  __args_main                     
0     003f51e2  _ISR_ILLEGAL                    
0     003f51ec  __register_unlock               
0     003f51f0  __register_lock                 
0     003f51f4  __nop                           
0     003f51fd  _DPL_CLAInit                    
0     003f5202  __system_pre_init               
0     003f5204  __system_post_cinit             
0     003f5205  ___cinit__                      
0     003f5205  ___etext__                      
0     003f5205  cinit                           
0     003f5205  etext                           
0     003f52d9  __IQ23sin                       
0     003f530a  __IQ23cos                       
0     003f5339  __IQ23toF                       
0     003f7ff6  code_start                      
0     003fdf00  _IQsinTable                     
0     003fe000  _IQcosTable                     
0     003fe300  _IQsinTableEnd                  
0     003fe402  _IQcosTableEnd                  
0     003fe402  _IQdivRoundSatTable             
0     003fe410  _IQdivTable                     
0     003fe612  _IQdivTableEnd                  
0     003fe612  _IQisqrtRoundSatTable           
0     003fe612  _IQsqrtRoundSatTable            
0     003fe622  _IQisqrtTable                   
0     003fe622  _IQsqrtTable                    
0     003fe724  _IQatan2HalfPITable             
0     003fe724  _IQisqrtTableEnd                
0     003fe724  _IQsqrtTableEnd                 
0     003fe762  _IQatan2Table                   
0     003fe8e8  _IQ30mpyRndSatTable             
0     003fe8e8  _IQatan2TableEnd                
0     003fe8e8  _IQmpyRndSatTable               
0     003fe8f4  _IQ29mpyRndSatTable             
0     003fe900  _IQ28mpyRndSatTable             
0     003fe90c  _IQ27mpyRndSatTable             
0     003fe918  _IQ26mpyRndSatTable             
0     003fe924  _IQ25mpyRndSatTable             
0     003fe930  _IQ24mpyRndSatTable             
0     003fe93c  _IQ23mpyRndSatTable             
0     003fe948  _IQ22mpyRndSatTable             
0     003fe954  _IQ21mpyRndSatTable             
0     003fe960  _IQ20mpyRndSatTable             
0     003fe96c  _IQ19mpyRndSatTable             
0     003fe978  _IQ18mpyRndSatTable             
0     003fe984  _IQ17mpyRndSatTable             
0     003fe990  _IQ16mpyRndSatTable             
0     003fe99c  _IQ15mpyRndSatTable             
0     003fe9a8  _IQ14mpyRndSatTable             
0     003fe9b4  _IQ13mpyRndSatTable             
0     003fe9c0  _IQ12mpyRndSatTable             
0     003fe9cc  _IQ11mpyRndSatTable             
0     003fe9d8  _IQ10mpyRndSatTable             
0     003fe9e4  _IQ9mpyRndSatTable              
0     003fe9f0  _IQ8mpyRndSatTable              
0     003fe9fc  _IQ7mpyRndSatTable              
0     003fea08  _IQ6mpyRndSatTable              
0     003fea14  _IQ5mpyRndSatTable              
0     003fea20  _IQ4mpyRndSatTable              
0     003fea2c  _IQ3mpyRndSatTable              
0     003fea38  _IQ2mpyRndSatTable              
0     003fea44  _IQ1mpyRndSatTable              
0     003fea50  _IQmpyRndSatTableEnd            
1     00000050  __stack                         
1     000003d0  __STACK_END                     
1     00000880  _DevEmuRegs                     
1     00000985  _SysPwrCtrlRegs                 
1     00000a80  _FlashRegs                      
1     00000ae0  _CsmRegs                        
1     00000b00  _AdcResult                      
1     00000c00  _CpuTimer0Regs                  
1     00000c08  _CpuTimer1Regs                  
1     00000c10  _CpuTimer2Regs                  
1     00000ce0  _PieCtrlRegs                    
1     00000d00  _EmuKey                         
1     00000d00  _PieVectTable                   
1     00000d01  _EmuBMode                       
1     00000d02  _Flash_CallbackPtr              
1     00000d04  _Flash_CPUScaleFactor           
1     00001000  _DmaRegs                        
1     00001400  _Cla1Regs                       
1     00005000  _McbspaRegs                     
1     00006000  _ECanaRegs                      
1     00006040  _ECanaLAMRegs                   
1     00006080  _ECanaMOTSRegs                  
1     000060c0  _ECanaMOTORegs                  
1     00006100  _ECanaMboxes                    
1     00006400  _Comp1Regs                      
1     00006420  _Comp2Regs                      
1     00006440  _Comp3Regs                      
1     00006800  _EPwm1Regs                      
1     00006840  _EPwm2Regs                      
1     00006880  _EPwm3Regs                      
1     000068c0  _EPwm4Regs                      
1     00006900  _EPwm5Regs                      
1     00006940  _EPwm6Regs                      
1     00006980  _EPwm7Regs                      
1     000069c0  _EPwm8Regs                      
1     00006a00  _ECap1Regs                      
1     00006a20  _ECap2Regs                      
1     00006a40  _ECap3Regs                      
1     00006b00  _EQep1Regs                      
1     00006b40  _EQep2Regs                      
1     00006f80  _GpioCtrlRegs                   
1     00006fc0  _GpioDataRegs                   
1     00006fe0  _GpioIntRegs                    
1     00007010  _SysCtrlRegs                    
1     00007040  _SpiaRegs                       
1     00007050  _SciaRegs                       
1     00007060  _NmiIntruptRegs                 
1     00007070  _XIntruptRegs                   
1     00007100  _AdcRegs                        
1     00007740  _SpibRegs                       
1     00007750  _ScibRegs                       
1     00007900  _I2caRegs                       
1     00008c00  _SerialCommsTimer               
1     00008c01  _CommsOKflg                     
1     00008c02  _Gui_LedPrd_ms                  
1     00008c03  _LedBlinkTimer                  
1     00008c04  _i                              
1     00008c05  _j                              
1     00008c06  _Runf                           
1     00008c07  _Run_Button                     
1     00008c08  _WaveSend_Button                
1     00008c09  _RX_OKflg                       
1     00008c0a  _ADC_Send_flag                  
1     00008c0c  _Alpha_State_Ptr                
1     00008c0e  _A_Task_Ptr                     
1     00008c10  _B_Task_Ptr                     
1     00008c12  _C_Task_Ptr                     
1     00008c14  _xunixinghao                    
1     00008c16  _Duty                           
1     00008c18  _Duty_Boost1                    
1     00008c1a  _Duty_Boost2                    
1     00008c1c  _ADC1Out                        
1     00008c1e  _Dutyf                          
1     00008c20  _Duty_Boostf1                   
1     00008c22  _Duty_Boostf2                   
1     00008c40  _spll1                          
1     00008c86  _ADC_Data                       
1     00008cae  _ACQPS                          
1     00008cbe  __lock                          
1     00008cc0  _CmdDispatcher                  
1     00008ce0  _RX_Data                        
1     00008d00  _RX_Byte_count                  
1     00008d01  _LowByteFlag                    
1     00008d02  _SendTaskPtr                    
1     00008d03  _RxChar                         
1     00008d04  _RxWord                         
1     00008d05  _TaskDoneFlag                   
1     00008d06  _NumWords                       
1     00008d07  _wordsLeftToGet                 
1     00008d08  _dataOut                        
1     00008d09  _RcvTskPtrShdw                  
1     00008d0a  _delayer                        
1     00008d0b  _MemGetPtr                      
1     00008d0c  _MemGetAmount                   
1     00008d0e  _RcvTaskPointer                 
1     00008d10  _memDataPtr                     
1     00008d12  _MemGetAddress                  
1     00008d14  _Temp                           
1     00008d16  _qq                             
1     00008d18  _ControlParameter               
1     00008d2c  _ChSel                          
1     00008d3c  _Button                         
1     00008d40  _TrigSel                        
1     00008d50  _arrayGetList                   
1     00008d60  _ePWM                           
1     00008d70  _varGetList                     
1     00008d80  _varSetBtnList                  
1     00008d90  _varSetSldrList                 
1     00008da0  _varSetTxtList                  
1     00008db0  _CmdPacket                      
1     00008db6  ___TI_enable_exit_profile_output
1     00008db8  ___TI_cleanup_ptr               
1     00008dba  ___TI_dtors_ptr                 
1     00008dbc  _Frame_end                      
1     00008dc0  _Frame_head2                    
1     00008dc4  _Frame_headE                    
1     00008dc8  __unlock                        
1     0000a000  _PWMDRV_ComplPairDB_Duty6       
1     0000a002  _PWMDRV_ComplPairDB_Period6     
1     0000a004  _PWMDRV_ComplPairDB_DeadBandRED6
1     0000a006  _PWMDRV_ComplPairDB_DeadBandFED6
1     0000a008  _PWMDRV_ComplPairDB_Duty7       
1     0000a00a  _PWMDRV_ComplPairDB_Period7     
1     0000a00c  _PWMDRV_ComplPairDB_DeadBandRED7
1     0000a00e  _PWMDRV_ComplPairDB_DeadBandFED7
1     0000a010  _PWMDRV_1ch_Duty1               
1     0000a012  _PWMDRV_1ch_Period1             
1     0000a014  _ADCDRV_1ch_Rlt1                
1     003d7e80  _PartIdRegs                     
1     003f7ff8  _CsmPwl                         
abs   00000380  __STACK_SIZE                    
abs   ffffffff  ___TI_pprof_out_hndl            
abs   ffffffff  ___TI_prof_data_size            
abs   ffffffff  ___TI_prof_data_start           
abs   ffffffff  ___binit__                      
abs   ffffffff  ___c_args__                     
abs   ffffffff  ___pinit__                      
abs   ffffffff  binit                           
abs   ffffffff  pinit                           

[292 symbols]
