<?xml version="1.0" encoding="ISO-8859-1" ?>
<link_info>
   <banner>TMS320C2000 Linker PC v22.6.1.LTS</banner>
   <copyright>Copyright (c) 1996-2018 Texas Instruments Incorporated</copyright>
   <link_time>0x6663f309</link_time>
   <link_errors>0x0</link_errors>
   <output_file>FlashingLeds.out</output_file>
   <entry_point>
      <name>_c_int00</name>
      <address>0x3f5084</address>
   </entry_point>
   <input_file_list>
      <input_file id="fl-3">
         <path>.\</path>
         <kind>object</kind>
         <file>F2806x_CodeStartBranch.obj</file>
         <name>F2806x_CodeStartBranch.obj</name>
      </input_file>
      <input_file id="fl-4">
         <path>.\</path>
         <kind>object</kind>
         <file>F2806x_GlobalVariableDefs.obj</file>
         <name>F2806x_GlobalVariableDefs.obj</name>
      </input_file>
      <input_file id="fl-5">
         <path>.\</path>
         <kind>object</kind>
         <file>FlashingLeds-Main.obj</file>
         <name>FlashingLeds-Main.obj</name>
      </input_file>
      <input_file id="fl-6">
         <path>.\asm\</path>
         <kind>object</kind>
         <file>ADCDRV_1ch.obj</file>
         <name>ADCDRV_1ch.obj</name>
      </input_file>
      <input_file id="fl-7">
         <path>.\asm\</path>
         <kind>object</kind>
         <file>F2806x_usDelay.obj</file>
         <name>F2806x_usDelay.obj</name>
      </input_file>
      <input_file id="fl-8">
         <path>.\asm\</path>
         <kind>object</kind>
         <file>FlashingLeds-CLA.obj</file>
         <name>FlashingLeds-CLA.obj</name>
      </input_file>
      <input_file id="fl-9">
         <path>.\asm\</path>
         <kind>object</kind>
         <file>FlashingLeds-DPL-ISR.obj</file>
         <name>FlashingLeds-DPL-ISR.obj</name>
      </input_file>
      <input_file id="fl-a">
         <path>.\asm\</path>
         <kind>object</kind>
         <file>PWMDRV_1ch.obj</file>
         <name>PWMDRV_1ch.obj</name>
      </input_file>
      <input_file id="fl-b">
         <path>.\asm\</path>
         <kind>object</kind>
         <file>PWMDRV_ComplPairDB.obj</file>
         <name>PWMDRV_ComplPairDB.obj</name>
      </input_file>
      <input_file id="fl-c">
         <path>.\source\</path>
         <kind>object</kind>
         <file>ADC_SOC_Cnf.obj</file>
         <name>ADC_SOC_Cnf.obj</name>
      </input_file>
      <input_file id="fl-d">
         <path>.\source\</path>
         <kind>object</kind>
         <file>FlashingLeds-DevInit_F2806x.obj</file>
         <name>FlashingLeds-DevInit_F2806x.obj</name>
      </input_file>
      <input_file id="fl-e">
         <path>.\source\</path>
         <kind>object</kind>
         <file>PWM_1ch_Cnf.obj</file>
         <name>PWM_1ch_Cnf.obj</name>
      </input_file>
      <input_file id="fl-f">
         <path>.\source\</path>
         <kind>object</kind>
         <file>PWM_ComplPairDB_Cnf.obj</file>
         <name>PWM_ComplPairDB_Cnf.obj</name>
      </input_file>
      <input_file id="fl-10">
         <path>.\source\</path>
         <kind>object</kind>
         <file>SPLL_1ph_SOGI_IQ.obj</file>
         <name>SPLL_1ph_SOGI_IQ.obj</name>
      </input_file>
      <input_file id="fl-11">
         <path>.\source\</path>
         <kind>object</kind>
         <file>SciCommsGui.obj</file>
         <name>SciCommsGui.obj</name>
      </input_file>
      <input_file id="fl-17">
         <kind>object</kind>
         <file>&lt;internal&gt;</file>
         <name>&lt;internal&gt;</name>
      </input_file>
      <input_file id="fl-18">
         <path>..\</path>
         <kind>archive</kind>
         <file>IQmath_fpu32.lib</file>
         <name>IQ23cos.obj</name>
      </input_file>
      <input_file id="fl-19">
         <path>..\</path>
         <kind>archive</kind>
         <file>IQmath_fpu32.lib</file>
         <name>IQ23sin.obj</name>
      </input_file>
      <input_file id="fl-1a">
         <path>..\</path>
         <kind>archive</kind>
         <file>IQmath_fpu32.lib</file>
         <name>IQ23toF.obj</name>
      </input_file>
      <input_file id="fl-1b">
         <path>..\</path>
         <kind>archive</kind>
         <file>IQmath_fpu32.lib</file>
         <name>IQmathTables.obj</name>
      </input_file>
      <input_file id="fl-27">
         <path>D:\ti\ccs1271\ccs\tools\compiler\ti-cgt-c2000_22.6.1.LTS\lib\</path>
         <kind>archive</kind>
         <file>rts2800_fpu32.lib</file>
         <name>boot28.asm.obj</name>
      </input_file>
      <input_file id="fl-28">
         <path>D:\ti\ccs1271\ccs\tools\compiler\ti-cgt-c2000_22.6.1.LTS\lib\</path>
         <kind>archive</kind>
         <file>rts2800_fpu32.lib</file>
         <name>fd_mpy28.asm.obj</name>
      </input_file>
      <input_file id="fl-29">
         <path>D:\ti\ccs1271\ccs\tools\compiler\ti-cgt-c2000_22.6.1.LTS\lib\</path>
         <kind>archive</kind>
         <file>rts2800_fpu32.lib</file>
         <name>fd_tol28.asm.obj</name>
      </input_file>
      <input_file id="fl-2a">
         <path>D:\ti\ccs1271\ccs\tools\compiler\ti-cgt-c2000_22.6.1.LTS\lib\</path>
         <kind>archive</kind>
         <file>rts2800_fpu32.lib</file>
         <name>fs_div28.asm.obj</name>
      </input_file>
      <input_file id="fl-2b">
         <path>D:\ti\ccs1271\ccs\tools\compiler\ti-cgt-c2000_22.6.1.LTS\lib\</path>
         <kind>archive</kind>
         <file>rts2800_fpu32.lib</file>
         <name>i_tofd28.asm.obj</name>
      </input_file>
      <input_file id="fl-2c">
         <path>D:\ti\ccs1271\ccs\tools\compiler\ti-cgt-c2000_22.6.1.LTS\lib\</path>
         <kind>archive</kind>
         <file>rts2800_fpu32.lib</file>
         <name>fs_tofdfpu32.asm.obj</name>
      </input_file>
      <input_file id="fl-2d">
         <path>D:\ti\ccs1271\ccs\tools\compiler\ti-cgt-c2000_22.6.1.LTS\lib\</path>
         <kind>archive</kind>
         <file>rts2800_fpu32.lib</file>
         <name>cpy_tbl.c.obj</name>
      </input_file>
      <input_file id="fl-2e">
         <path>D:\ti\ccs1271\ccs\tools\compiler\ti-cgt-c2000_22.6.1.LTS\lib\</path>
         <kind>archive</kind>
         <file>rts2800_fpu32.lib</file>
         <name>memcpy.c.obj</name>
      </input_file>
      <input_file id="fl-2f">
         <path>D:\ti\ccs1271\ccs\tools\compiler\ti-cgt-c2000_22.6.1.LTS\lib\</path>
         <kind>archive</kind>
         <file>rts2800_fpu32.lib</file>
         <name>pre_init.c.obj</name>
      </input_file>
      <input_file id="fl-30">
         <path>D:\ti\ccs1271\ccs\tools\compiler\ti-cgt-c2000_22.6.1.LTS\lib\</path>
         <kind>archive</kind>
         <file>rts2800_fpu32.lib</file>
         <name>startup.c.obj</name>
      </input_file>
      <input_file id="fl-31">
         <path>D:\ti\ccs1271\ccs\tools\compiler\ti-cgt-c2000_22.6.1.LTS\lib\</path>
         <kind>archive</kind>
         <file>rts2800_fpu32.lib</file>
         <name>exit.c.obj</name>
      </input_file>
      <input_file id="fl-32">
         <path>D:\ti\ccs1271\ccs\tools\compiler\ti-cgt-c2000_22.6.1.LTS\lib\</path>
         <kind>archive</kind>
         <file>rts2800_fpu32.lib</file>
         <name>_lock.c.obj</name>
      </input_file>
      <input_file id="fl-33">
         <path>D:\ti\ccs1271\ccs\tools\compiler\ti-cgt-c2000_22.6.1.LTS\lib\</path>
         <kind>archive</kind>
         <file>rts2800_fpu32.lib</file>
         <name>args_main.c.obj</name>
      </input_file>
   </input_file_list>
   <object_component_list>
      <object_component id="oc-92">
         <name>PieVectTableFile</name>
         <uninitialized>true</uninitialized>
         <run_address>0xd00</run_address>
         <size>0x100</size>
         <input_file_ref idref="fl-4"/>
      </object_component>
      <object_component id="oc-5f">
         <name>EmuKeyVar</name>
         <uninitialized>true</uninitialized>
         <run_address>0xd00</run_address>
         <size>0x1</size>
         <input_file_ref idref="fl-4"/>
      </object_component>
      <object_component id="oc-60">
         <name>EmuBModeVar</name>
         <uninitialized>true</uninitialized>
         <run_address>0xd01</run_address>
         <size>0x1</size>
         <input_file_ref idref="fl-4"/>
      </object_component>
      <object_component id="oc-62">
         <name>FlashCallbackVar</name>
         <uninitialized>true</uninitialized>
         <run_address>0xd02</run_address>
         <size>0x2</size>
         <input_file_ref idref="fl-4"/>
      </object_component>
      <object_component id="oc-61">
         <name>FlashScalingVar</name>
         <uninitialized>true</uninitialized>
         <run_address>0xd04</run_address>
         <size>0x2</size>
         <input_file_ref idref="fl-4"/>
      </object_component>
      <object_component id="oc-64">
         <name>DevEmuRegsFile</name>
         <uninitialized>true</uninitialized>
         <run_address>0x880</run_address>
         <size>0x4</size>
         <input_file_ref idref="fl-4"/>
      </object_component>
      <object_component id="oc-63">
         <name>SysPwrCtrlRegsFile</name>
         <uninitialized>true</uninitialized>
         <run_address>0x985</run_address>
         <size>0x3</size>
         <input_file_ref idref="fl-4"/>
      </object_component>
      <object_component id="oc-6c">
         <name>FlashRegsFile</name>
         <uninitialized>true</uninitialized>
         <run_address>0xa80</run_address>
         <size>0x8</size>
         <input_file_ref idref="fl-4"/>
      </object_component>
      <object_component id="oc-6e">
         <name>CsmRegsFile</name>
         <uninitialized>true</uninitialized>
         <run_address>0xae0</run_address>
         <size>0x10</size>
         <input_file_ref idref="fl-4"/>
      </object_component>
      <object_component id="oc-6d">
         <name>AdcResultFile</name>
         <uninitialized>true</uninitialized>
         <run_address>0xb00</run_address>
         <size>0x10</size>
         <input_file_ref idref="fl-4"/>
      </object_component>
      <object_component id="oc-68">
         <name>CpuTimer0RegsFile</name>
         <uninitialized>true</uninitialized>
         <run_address>0xc00</run_address>
         <size>0x8</size>
         <input_file_ref idref="fl-4"/>
      </object_component>
      <object_component id="oc-69">
         <name>CpuTimer1RegsFile</name>
         <uninitialized>true</uninitialized>
         <run_address>0xc08</run_address>
         <size>0x8</size>
         <input_file_ref idref="fl-4"/>
      </object_component>
      <object_component id="oc-6a">
         <name>CpuTimer2RegsFile</name>
         <uninitialized>true</uninitialized>
         <run_address>0xc10</run_address>
         <size>0x8</size>
         <input_file_ref idref="fl-4"/>
      </object_component>
      <object_component id="oc-75">
         <name>PieCtrlRegsFile</name>
         <uninitialized>true</uninitialized>
         <run_address>0xce0</run_address>
         <size>0x1a</size>
         <input_file_ref idref="fl-4"/>
      </object_component>
      <object_component id="oc-81">
         <name>Cla1RegsFile</name>
         <uninitialized>true</uninitialized>
         <run_address>0x1400</run_address>
         <size>0x40</size>
         <input_file_ref idref="fl-4"/>
      </object_component>
      <object_component id="oc-90">
         <name>DmaRegsFile</name>
         <uninitialized>true</uninitialized>
         <run_address>0x1000</run_address>
         <size>0xe0</size>
         <input_file_ref idref="fl-4"/>
      </object_component>
      <object_component id="oc-80">
         <name>ECanaRegsFile</name>
         <uninitialized>true</uninitialized>
         <run_address>0x6000</run_address>
         <size>0x34</size>
         <input_file_ref idref="fl-4"/>
      </object_component>
      <object_component id="oc-82">
         <name>ECanaLAMRegsFile</name>
         <uninitialized>true</uninitialized>
         <run_address>0x6040</run_address>
         <size>0x40</size>
         <input_file_ref idref="fl-4"/>
      </object_component>
      <object_component id="oc-91">
         <name>ECanaMboxesFile</name>
         <uninitialized>true</uninitialized>
         <run_address>0x6100</run_address>
         <size>0x100</size>
         <input_file_ref idref="fl-4"/>
      </object_component>
      <object_component id="oc-83">
         <name>ECanaMOTSRegsFile</name>
         <uninitialized>true</uninitialized>
         <run_address>0x6080</run_address>
         <size>0x40</size>
         <input_file_ref idref="fl-4"/>
      </object_component>
      <object_component id="oc-84">
         <name>ECanaMOTORegsFile</name>
         <uninitialized>true</uninitialized>
         <run_address>0x60c0</run_address>
         <size>0x40</size>
         <input_file_ref idref="fl-4"/>
      </object_component>
      <object_component id="oc-76">
         <name>ECap1RegsFile</name>
         <uninitialized>true</uninitialized>
         <run_address>0x6a00</run_address>
         <size>0x20</size>
         <input_file_ref idref="fl-4"/>
      </object_component>
      <object_component id="oc-77">
         <name>ECap2RegsFile</name>
         <uninitialized>true</uninitialized>
         <run_address>0x6a20</run_address>
         <size>0x20</size>
         <input_file_ref idref="fl-4"/>
      </object_component>
      <object_component id="oc-78">
         <name>ECap3RegsFile</name>
         <uninitialized>true</uninitialized>
         <run_address>0x6a40</run_address>
         <size>0x20</size>
         <input_file_ref idref="fl-4"/>
      </object_component>
      <object_component id="oc-7b">
         <name>EQep1RegsFile</name>
         <uninitialized>true</uninitialized>
         <run_address>0x6b00</run_address>
         <size>0x22</size>
         <input_file_ref idref="fl-4"/>
      </object_component>
      <object_component id="oc-7c">
         <name>EQep2RegsFile</name>
         <uninitialized>true</uninitialized>
         <run_address>0x6b40</run_address>
         <size>0x22</size>
         <input_file_ref idref="fl-4"/>
      </object_component>
      <object_component id="oc-8e">
         <name>GpioCtrlRegsFile</name>
         <uninitialized>true</uninitialized>
         <run_address>0x6f80</run_address>
         <size>0x40</size>
         <input_file_ref idref="fl-4"/>
      </object_component>
      <object_component id="oc-79">
         <name>GpioDataRegsFile</name>
         <uninitialized>true</uninitialized>
         <run_address>0x6fc0</run_address>
         <size>0x20</size>
         <input_file_ref idref="fl-4"/>
      </object_component>
      <object_component id="oc-7a">
         <name>GpioIntRegsFile</name>
         <uninitialized>true</uninitialized>
         <run_address>0x6fe0</run_address>
         <size>0x20</size>
         <input_file_ref idref="fl-4"/>
      </object_component>
      <object_component id="oc-7f">
         <name>SysCtrlRegsFile</name>
         <uninitialized>true</uninitialized>
         <run_address>0x7010</run_address>
         <size>0x30</size>
         <input_file_ref idref="fl-4"/>
      </object_component>
      <object_component id="oc-72">
         <name>SpiaRegsFile</name>
         <uninitialized>true</uninitialized>
         <run_address>0x7040</run_address>
         <size>0x10</size>
         <input_file_ref idref="fl-4"/>
      </object_component>
      <object_component id="oc-73">
         <name>SpibRegsFile</name>
         <uninitialized>true</uninitialized>
         <run_address>0x7740</run_address>
         <size>0x10</size>
         <input_file_ref idref="fl-4"/>
      </object_component>
      <object_component id="oc-70">
         <name>SciaRegsFile</name>
         <uninitialized>true</uninitialized>
         <run_address>0x7050</run_address>
         <size>0x10</size>
         <input_file_ref idref="fl-4"/>
      </object_component>
      <object_component id="oc-71">
         <name>ScibRegsFile</name>
         <uninitialized>true</uninitialized>
         <run_address>0x7750</run_address>
         <size>0x10</size>
         <input_file_ref idref="fl-4"/>
      </object_component>
      <object_component id="oc-6f">
         <name>NmiIntruptRegsFile</name>
         <uninitialized>true</uninitialized>
         <run_address>0x7060</run_address>
         <size>0x10</size>
         <input_file_ref idref="fl-4"/>
      </object_component>
      <object_component id="oc-74">
         <name>XIntruptRegsFile</name>
         <uninitialized>true</uninitialized>
         <run_address>0x7070</run_address>
         <size>0x10</size>
         <input_file_ref idref="fl-4"/>
      </object_component>
      <object_component id="oc-8f">
         <name>AdcRegsFile</name>
         <uninitialized>true</uninitialized>
         <run_address>0x7100</run_address>
         <size>0x50</size>
         <input_file_ref idref="fl-4"/>
      </object_component>
      <object_component id="oc-7d">
         <name>I2caRegsFile</name>
         <uninitialized>true</uninitialized>
         <run_address>0x7900</run_address>
         <size>0x22</size>
         <input_file_ref idref="fl-4"/>
      </object_component>
      <object_component id="oc-65">
         <name>Comp1RegsFile</name>
         <uninitialized>true</uninitialized>
         <run_address>0x6400</run_address>
         <size>0x7</size>
         <input_file_ref idref="fl-4"/>
      </object_component>
      <object_component id="oc-66">
         <name>Comp2RegsFile</name>
         <uninitialized>true</uninitialized>
         <run_address>0x6420</run_address>
         <size>0x7</size>
         <input_file_ref idref="fl-4"/>
      </object_component>
      <object_component id="oc-67">
         <name>Comp3RegsFile</name>
         <uninitialized>true</uninitialized>
         <run_address>0x6440</run_address>
         <size>0x7</size>
         <input_file_ref idref="fl-4"/>
      </object_component>
      <object_component id="oc-85">
         <name>EPwm1RegsFile</name>
         <uninitialized>true</uninitialized>
         <run_address>0x6800</run_address>
         <size>0x40</size>
         <input_file_ref idref="fl-4"/>
      </object_component>
      <object_component id="oc-87">
         <name>EPwm2RegsFile</name>
         <uninitialized>true</uninitialized>
         <run_address>0x6840</run_address>
         <size>0x40</size>
         <input_file_ref idref="fl-4"/>
      </object_component>
      <object_component id="oc-88">
         <name>EPwm3RegsFile</name>
         <uninitialized>true</uninitialized>
         <run_address>0x6880</run_address>
         <size>0x40</size>
         <input_file_ref idref="fl-4"/>
      </object_component>
      <object_component id="oc-89">
         <name>EPwm4RegsFile</name>
         <uninitialized>true</uninitialized>
         <run_address>0x68c0</run_address>
         <size>0x40</size>
         <input_file_ref idref="fl-4"/>
      </object_component>
      <object_component id="oc-8a">
         <name>EPwm5RegsFile</name>
         <uninitialized>true</uninitialized>
         <run_address>0x6900</run_address>
         <size>0x40</size>
         <input_file_ref idref="fl-4"/>
      </object_component>
      <object_component id="oc-8b">
         <name>EPwm6RegsFile</name>
         <uninitialized>true</uninitialized>
         <run_address>0x6940</run_address>
         <size>0x40</size>
         <input_file_ref idref="fl-4"/>
      </object_component>
      <object_component id="oc-8c">
         <name>EPwm7RegsFile</name>
         <uninitialized>true</uninitialized>
         <run_address>0x6980</run_address>
         <size>0x40</size>
         <input_file_ref idref="fl-4"/>
      </object_component>
      <object_component id="oc-8d">
         <name>EPwm8RegsFile</name>
         <uninitialized>true</uninitialized>
         <run_address>0x69c0</run_address>
         <size>0x40</size>
         <input_file_ref idref="fl-4"/>
      </object_component>
      <object_component id="oc-7e">
         <name>McbspaRegsFile</name>
         <uninitialized>true</uninitialized>
         <run_address>0x5000</run_address>
         <size>0x24</size>
         <input_file_ref idref="fl-4"/>
      </object_component>
      <object_component id="oc-6b">
         <name>CsmPwlFile</name>
         <uninitialized>true</uninitialized>
         <run_address>0x3f7ff8</run_address>
         <size>0x8</size>
         <input_file_ref idref="fl-4"/>
      </object_component>
      <object_component id="oc-5e">
         <name>PartIdRegsFile</name>
         <uninitialized>true</uninitialized>
         <run_address>0x3d7e80</run_address>
         <size>0x1</size>
         <input_file_ref idref="fl-4"/>
      </object_component>
      <object_component id="oc-95">
         <name>.cinit</name>
         <load_address>0x3f5205</load_address>
         <run_address>0x3f5205</run_address>
         <size>0x30</size>
         <input_file_ref idref="fl-5"/>
      </object_component>
      <object_component id="oc-97">
         <name>.cinit:_ControlParameter</name>
         <load_address>0x3f5235</load_address>
         <run_address>0x3f5235</run_address>
         <size>0x15</size>
         <input_file_ref idref="fl-5"/>
      </object_component>
      <object_component id="oc-144">
         <name>.cinit:_ACQPS</name>
         <load_address>0x3f524a</load_address>
         <run_address>0x3f524a</run_address>
         <size>0x13</size>
         <input_file_ref idref="fl-5"/>
      </object_component>
      <object_component id="oc-140">
         <name>.cinit:_ChSel</name>
         <load_address>0x3f525d</load_address>
         <run_address>0x3f525d</run_address>
         <size>0x13</size>
         <input_file_ref idref="fl-5"/>
      </object_component>
      <object_component id="oc-142">
         <name>.cinit:_TrigSel</name>
         <load_address>0x3f5270</load_address>
         <run_address>0x3f5270</run_address>
         <size>0x13</size>
         <input_file_ref idref="fl-5"/>
      </object_component>
      <object_component id="oc-86">
         <name>.cinit:_ePWM</name>
         <load_address>0x3f5283</load_address>
         <run_address>0x3f5283</run_address>
         <size>0x13</size>
         <input_file_ref idref="fl-5"/>
      </object_component>
      <object_component id="oc-119">
         <name>.cinit</name>
         <load_address>0x3f5296</load_address>
         <run_address>0x3f5296</run_address>
         <size>0xe</size>
         <input_file_ref idref="fl-31"/>
      </object_component>
      <object_component id="oc-d1">
         <name>.cinit</name>
         <load_address>0x3f52a4</load_address>
         <run_address>0x3f52a4</run_address>
         <size>0x9</size>
         <input_file_ref idref="fl-11"/>
      </object_component>
      <object_component id="oc-98">
         <name>.cinit:_Button</name>
         <load_address>0x3f52ad</load_address>
         <run_address>0x3f52ad</run_address>
         <size>0x7</size>
         <input_file_ref idref="fl-5"/>
      </object_component>
      <object_component id="oc-149">
         <name>.cinit:_Frame_end</name>
         <load_address>0x3f52b4</load_address>
         <run_address>0x3f52b4</run_address>
         <size>0x7</size>
         <input_file_ref idref="fl-5"/>
      </object_component>
      <object_component id="oc-147">
         <name>.cinit:_Frame_head2</name>
         <load_address>0x3f52bb</load_address>
         <run_address>0x3f52bb</run_address>
         <size>0x7</size>
         <input_file_ref idref="fl-5"/>
      </object_component>
      <object_component id="oc-153">
         <name>.cinit:_Frame_headE</name>
         <load_address>0x3f52c2</load_address>
         <run_address>0x3f52c2</run_address>
         <size>0x7</size>
         <input_file_ref idref="fl-5"/>
      </object_component>
      <object_component id="oc-138">
         <name>.cinit:__lock</name>
         <load_address>0x3f52c9</load_address>
         <run_address>0x3f52c9</run_address>
         <size>0x5</size>
         <input_file_ref idref="fl-32"/>
      </object_component>
      <object_component id="oc-14b">
         <name>.cinit:__unlock</name>
         <load_address>0x3f52ce</load_address>
         <run_address>0x3f52ce</run_address>
         <size>0x5</size>
         <input_file_ref idref="fl-32"/>
      </object_component>
      <object_component id="oc-134">
         <name>.cinit:_RX_Data</name>
         <load_address>0x3f52d3</load_address>
         <run_address>0x3f52d3</run_address>
         <size>0x4</size>
         <input_file_ref idref="fl-5"/>
      </object_component>
      <object_component id="oc-131">
         <name>.text</name>
         <load_address>0x3f4000</load_address>
         <run_address>0x3f4000</run_address>
         <size>0x31c</size>
         <input_file_ref idref="fl-10"/>
      </object_component>
      <object_component id="oc-13a">
         <name>.text</name>
         <load_address>0x3f431c</load_address>
         <run_address>0x3f431c</run_address>
         <size>0x311</size>
         <input_file_ref idref="fl-11"/>
      </object_component>
      <object_component id="oc-139">
         <name>.text</name>
         <load_address>0x3f462d</load_address>
         <run_address>0x3f462d</run_address>
         <size>0x1db</size>
         <input_file_ref idref="fl-d"/>
      </object_component>
      <object_component id="oc-145">
         <name>.text</name>
         <load_address>0x3f4808</load_address>
         <run_address>0x3f4808</run_address>
         <size>0x1c2</size>
         <input_file_ref idref="fl-c"/>
      </object_component>
      <object_component id="oc-13e">
         <name>.text</name>
         <load_address>0x3f49ca</load_address>
         <run_address>0x3f49ca</run_address>
         <size>0x1b6</size>
         <input_file_ref idref="fl-f"/>
      </object_component>
      <object_component id="oc-136">
         <name>.text</name>
         <load_address>0x3f4b80</load_address>
         <run_address>0x3f4b80</run_address>
         <size>0x185</size>
         <input_file_ref idref="fl-5"/>
      </object_component>
      <object_component id="oc-13d">
         <name>.text</name>
         <load_address>0x3f4d05</load_address>
         <run_address>0x3f4d05</run_address>
         <size>0x151</size>
         <input_file_ref idref="fl-e"/>
      </object_component>
      <object_component id="oc-99">
         <name>.text:retain</name>
         <load_address>0x3f4e56</load_address>
         <run_address>0x3f4e56</run_address>
         <size>0xc5</size>
         <input_file_ref idref="fl-5"/>
      </object_component>
      <object_component id="oc-f5">
         <name>.text</name>
         <load_address>0x3f4f1b</load_address>
         <run_address>0x3f4f1b</run_address>
         <size>0x88</size>
         <input_file_ref idref="fl-2a"/>
      </object_component>
      <object_component id="oc-eb">
         <name>.text</name>
         <load_address>0x3f4fa3</load_address>
         <run_address>0x3f4fa3</run_address>
         <size>0x83</size>
         <input_file_ref idref="fl-28"/>
      </object_component>
      <object_component id="oc-d3">
         <name>.text:retain</name>
         <load_address>0x3f5026</load_address>
         <run_address>0x3f5026</run_address>
         <size>0x5e</size>
         <input_file_ref idref="fl-11"/>
      </object_component>
      <object_component id="oc-56">
         <name>.text</name>
         <load_address>0x3f5084</load_address>
         <run_address>0x3f5084</run_address>
         <size>0x56</size>
         <input_file_ref idref="fl-27"/>
      </object_component>
      <object_component id="oc-ab">
         <name>.text</name>
         <load_address>0x3f50da</load_address>
         <run_address>0x3f50da</run_address>
         <size>0x34</size>
         <input_file_ref idref="fl-9"/>
      </object_component>
      <object_component id="oc-12d">
         <name>.text</name>
         <load_address>0x3f510e</load_address>
         <run_address>0x3f510e</run_address>
         <size>0x29</size>
         <input_file_ref idref="fl-31"/>
      </object_component>
      <object_component id="oc-12a">
         <name>.text</name>
         <load_address>0x3f5137</load_address>
         <run_address>0x3f5137</run_address>
         <size>0x24</size>
         <input_file_ref idref="fl-2d"/>
      </object_component>
      <object_component id="oc-f0">
         <name>.text</name>
         <load_address>0x3f515b</load_address>
         <run_address>0x3f515b</run_address>
         <size>0x1f</size>
         <input_file_ref idref="fl-29"/>
      </object_component>
      <object_component id="oc-fa">
         <name>.text</name>
         <load_address>0x3f517a</load_address>
         <run_address>0x3f517a</run_address>
         <size>0x1d</size>
         <input_file_ref idref="fl-2b"/>
      </object_component>
      <object_component id="oc-135">
         <name>.text</name>
         <load_address>0x3f5197</load_address>
         <run_address>0x3f5197</run_address>
         <size>0x1d</size>
         <input_file_ref idref="fl-2e"/>
      </object_component>
      <object_component id="oc-ff">
         <name>.text</name>
         <load_address>0x3f51b4</load_address>
         <run_address>0x3f51b4</run_address>
         <size>0x1c</size>
         <input_file_ref idref="fl-2c"/>
      </object_component>
      <object_component id="oc-12c">
         <name>.text</name>
         <load_address>0x3f51d0</load_address>
         <run_address>0x3f51d0</run_address>
         <size>0x12</size>
         <input_file_ref idref="fl-33"/>
      </object_component>
      <object_component id="oc-bb">
         <name>.text:retain</name>
         <load_address>0x3f51e2</load_address>
         <run_address>0x3f51e2</run_address>
         <size>0xa</size>
         <input_file_ref idref="fl-d"/>
      </object_component>
      <object_component id="oc-14a">
         <name>.text</name>
         <load_address>0x3f51ec</load_address>
         <run_address>0x3f51ec</run_address>
         <size>0x9</size>
         <input_file_ref idref="fl-32"/>
      </object_component>
      <object_component id="oc-57">
         <name>.text</name>
         <load_address>0x3f51f5</load_address>
         <run_address>0x3f51f5</run_address>
         <size>0x8</size>
         <input_file_ref idref="fl-3"/>
      </object_component>
      <object_component id="oc-a4">
         <name>.text</name>
         <load_address>0x3f51fd</load_address>
         <run_address>0x3f51fd</run_address>
         <size>0x5</size>
         <input_file_ref idref="fl-8"/>
      </object_component>
      <object_component id="oc-129">
         <name>.text</name>
         <load_address>0x3f5202</load_address>
         <run_address>0x3f5202</run_address>
         <size>0x2</size>
         <input_file_ref idref="fl-2f"/>
      </object_component>
      <object_component id="oc-12b">
         <name>.text</name>
         <load_address>0x3f5204</load_address>
         <run_address>0x3f5204</run_address>
         <size>0x1</size>
         <input_file_ref idref="fl-30"/>
      </object_component>
      <object_component id="oc-58">
         <name>codestart</name>
         <load_address>0x3f7ff6</load_address>
         <run_address>0x3f7ff6</run_address>
         <size>0x2</size>
         <input_file_ref idref="fl-3"/>
      </object_component>
      <object_component id="oc-b0">
         <name>ramfuncs</name>
         <load_address>0x3e8000</load_address>
         <run_address>0x8000</run_address>
         <size>0x58</size>
         <input_file_ref idref="fl-9"/>
      </object_component>
      <object_component id="oc-13b">
         <name>ramfuncs</name>
         <load_address>0x3e8058</load_address>
         <run_address>0x8058</run_address>
         <size>0x1b</size>
         <input_file_ref idref="fl-d"/>
      </object_component>
      <object_component id="oc-9f">
         <name>ramfuncs</name>
         <load_address>0x3e8073</load_address>
         <run_address>0x8073</run_address>
         <size>0x4</size>
         <input_file_ref idref="fl-7"/>
      </object_component>
      <object_component id="oc-a6">
         <name>Cla1Prog</name>
         <load_address>0x3ec000</load_address>
         <run_address>0x9000</run_address>
         <size>0x80</size>
         <input_file_ref idref="fl-8"/>
      </object_component>
      <object_component id="oc-e5">
         <name>.stack</name>
         <uninitialized>true</uninitialized>
         <run_address>0x50</run_address>
         <size>0x0</size>
         <input_file_ref idref="fl-27"/>
      </object_component>
      <object_component id="oc-1b2">
         <name>.stack</name>
         <uninitialized>true</uninitialized>
         <run_address>0x50</run_address>
         <size>0x0</size>
      </object_component>
      <object_component id="oc-96">
         <name>.ebss</name>
         <uninitialized>true</uninitialized>
         <run_address>0x8c00</run_address>
         <size>0x86</size>
         <input_file_ref idref="fl-5"/>
      </object_component>
      <object_component id="oc-130">
         <name>.ebss:_Button</name>
         <uninitialized>true</uninitialized>
         <run_address>0x8d3c</run_address>
         <size>0x4</size>
         <input_file_ref idref="fl-5"/>
      </object_component>
      <object_component id="oc-152">
         <name>.ebss:_Frame_headE</name>
         <uninitialized>true</uninitialized>
         <run_address>0x8dc4</run_address>
         <size>0x4</size>
         <input_file_ref idref="fl-5"/>
      </object_component>
      <object_component id="oc-146">
         <name>.ebss:_Frame_head2</name>
         <uninitialized>true</uninitialized>
         <run_address>0x8dc0</run_address>
         <size>0x4</size>
         <input_file_ref idref="fl-5"/>
      </object_component>
      <object_component id="oc-148">
         <name>.ebss:_Frame_end</name>
         <uninitialized>true</uninitialized>
         <run_address>0x8dbc</run_address>
         <size>0x4</size>
         <input_file_ref idref="fl-5"/>
      </object_component>
      <object_component id="oc-13f">
         <name>.ebss:_ChSel</name>
         <uninitialized>true</uninitialized>
         <run_address>0x8d2c</run_address>
         <size>0x10</size>
         <input_file_ref idref="fl-5"/>
      </object_component>
      <object_component id="oc-141">
         <name>.ebss:_TrigSel</name>
         <uninitialized>true</uninitialized>
         <run_address>0x8d40</run_address>
         <size>0x10</size>
         <input_file_ref idref="fl-5"/>
      </object_component>
      <object_component id="oc-143">
         <name>.ebss:_ACQPS</name>
         <uninitialized>true</uninitialized>
         <run_address>0x8cae</run_address>
         <size>0x10</size>
         <input_file_ref idref="fl-5"/>
      </object_component>
      <object_component id="oc-12e">
         <name>.ebss:_ePWM</name>
         <uninitialized>true</uninitialized>
         <run_address>0x8d60</run_address>
         <size>0x10</size>
         <input_file_ref idref="fl-5"/>
      </object_component>
      <object_component id="oc-14e">
         <name>.ebss:_varSetTxtList</name>
         <uninitialized>true</uninitialized>
         <run_address>0x8da0</run_address>
         <size>0x10</size>
         <input_file_ref idref="fl-5"/>
      </object_component>
      <object_component id="oc-14f">
         <name>.ebss:_varSetBtnList</name>
         <uninitialized>true</uninitialized>
         <run_address>0x8d80</run_address>
         <size>0x10</size>
         <input_file_ref idref="fl-5"/>
      </object_component>
      <object_component id="oc-13c">
         <name>.ebss:_varSetSldrList</name>
         <uninitialized>true</uninitialized>
         <run_address>0x8d90</run_address>
         <size>0x10</size>
         <input_file_ref idref="fl-5"/>
      </object_component>
      <object_component id="oc-150">
         <name>.ebss:_varGetList</name>
         <uninitialized>true</uninitialized>
         <run_address>0x8d70</run_address>
         <size>0x10</size>
         <input_file_ref idref="fl-5"/>
      </object_component>
      <object_component id="oc-151">
         <name>.ebss:_arrayGetList</name>
         <uninitialized>true</uninitialized>
         <run_address>0x8d50</run_address>
         <size>0x10</size>
         <input_file_ref idref="fl-5"/>
      </object_component>
      <object_component id="oc-12f">
         <name>.ebss:_ControlParameter</name>
         <uninitialized>true</uninitialized>
         <run_address>0x8d18</run_address>
         <size>0x14</size>
         <input_file_ref idref="fl-5"/>
      </object_component>
      <object_component id="oc-133">
         <name>.ebss:_RX_Data</name>
         <uninitialized>true</uninitialized>
         <run_address>0x8ce0</run_address>
         <size>0x20</size>
         <input_file_ref idref="fl-5"/>
      </object_component>
      <object_component id="oc-132">
         <name>.ebss:_ADC_Data</name>
         <uninitialized>true</uninitialized>
         <run_address>0x8c86</run_address>
         <size>0x28</size>
         <input_file_ref idref="fl-5"/>
      </object_component>
      <object_component id="oc-d2">
         <name>.ebss</name>
         <uninitialized>true</uninitialized>
         <run_address>0x8d00</run_address>
         <size>0x18</size>
         <input_file_ref idref="fl-11"/>
      </object_component>
      <object_component id="oc-14c">
         <name>.ebss:_CmdPacket</name>
         <uninitialized>true</uninitialized>
         <run_address>0x8db0</run_address>
         <size>0x6</size>
         <input_file_ref idref="fl-11"/>
      </object_component>
      <object_component id="oc-14d">
         <name>.ebss:_CmdDispatcher</name>
         <uninitialized>true</uninitialized>
         <run_address>0x8cc0</run_address>
         <size>0x20</size>
         <input_file_ref idref="fl-11"/>
      </object_component>
      <object_component id="oc-11a">
         <name>.ebss</name>
         <uninitialized>true</uninitialized>
         <run_address>0x8db6</run_address>
         <size>0x6</size>
         <input_file_ref idref="fl-31"/>
      </object_component>
      <object_component id="oc-137">
         <name>.ebss:__lock</name>
         <uninitialized>true</uninitialized>
         <run_address>0x8cbe</run_address>
         <size>0x2</size>
         <input_file_ref idref="fl-32"/>
      </object_component>
      <object_component id="oc-154">
         <name>.ebss:__unlock</name>
         <uninitialized>true</uninitialized>
         <run_address>0x8dc8</run_address>
         <size>0x2</size>
         <input_file_ref idref="fl-32"/>
      </object_component>
      <object_component id="oc-9a">
         <name>.econst</name>
         <load_address>0x3f5350</load_address>
         <run_address>0x3f5350</run_address>
         <size>0x4</size>
         <input_file_ref idref="fl-5"/>
      </object_component>
      <object_component id="oc-cb">
         <name>.econst</name>
         <load_address>0x3f5354</load_address>
         <run_address>0x3f5354</run_address>
         <size>0x4</size>
         <input_file_ref idref="fl-10"/>
      </object_component>
      <object_component id="oc-dc">
         <name>IQmath</name>
         <load_address>0x3f52d9</load_address>
         <run_address>0x3f52d9</run_address>
         <size>0x31</size>
         <input_file_ref idref="fl-19"/>
      </object_component>
      <object_component id="oc-d8">
         <name>IQmath</name>
         <load_address>0x3f530a</load_address>
         <run_address>0x3f530a</run_address>
         <size>0x2f</size>
         <input_file_ref idref="fl-18"/>
      </object_component>
      <object_component id="oc-e0">
         <name>IQmath</name>
         <load_address>0x3f5339</load_address>
         <run_address>0x3f5339</run_address>
         <size>0x16</size>
         <input_file_ref idref="fl-1a"/>
      </object_component>
      <object_component id="oc-e4">
         <name>IQmathTables</name>
         <load_address>0x3fdf00</load_address>
         <run_address>0x3fdf00</run_address>
         <size>0xb50</size>
         <input_file_ref idref="fl-1b"/>
      </object_component>
      <object_component id="oc-e6">
         <name>.reset</name>
         <load_address>0x3fffc0</load_address>
         <run_address>0x3fffc0</run_address>
         <size>0x2</size>
         <input_file_ref idref="fl-27"/>
      </object_component>
      <object_component id="oc-ad">
         <name>PWMDRV_1ch_Section</name>
         <uninitialized>true</uninitialized>
         <run_address>0xa010</run_address>
         <size>0x4</size>
         <input_file_ref idref="fl-9"/>
      </object_component>
      <object_component id="oc-ae">
         <name>PWMDRV_ComplPairDB_Section</name>
         <uninitialized>true</uninitialized>
         <run_address>0xa000</run_address>
         <size>0xf</size>
         <input_file_ref idref="fl-9"/>
      </object_component>
      <object_component id="oc-ac">
         <name>ZeroNet_Section</name>
         <uninitialized>true</uninitialized>
         <run_address>0xa016</run_address>
         <size>0x2</size>
         <input_file_ref idref="fl-9"/>
      </object_component>
      <object_component id="oc-af">
         <name>ADCDRV_1ch_Section</name>
         <uninitialized>true</uninitialized>
         <run_address>0xa014</run_address>
         <size>0x2</size>
         <input_file_ref idref="fl-9"/>
      </object_component>
      <object_component id="oc-a5">
         <name>ZeroNetCLA_Section</name>
         <uninitialized>true</uninitialized>
         <run_address>0x1500</run_address>
         <size>0x2</size>
         <input_file_ref idref="fl-8"/>
      </object_component>
      <object_component id="oc-59">
         <name>.debug_line</name>
         <load_address>0x0</load_address>
         <run_address>0x0</run_address>
         <size>0x9f</size>
         <input_file_ref idref="fl-3"/>
      </object_component>
      <object_component id="oc-9c">
         <name>.debug_line</name>
         <load_address>0x9f</load_address>
         <run_address>0x9f</run_address>
         <size>0x1fe</size>
         <input_file_ref idref="fl-5"/>
      </object_component>
      <object_component id="oc-a0">
         <name>.debug_line</name>
         <load_address>0x29d</load_address>
         <run_address>0x29d</run_address>
         <size>0x4a</size>
         <input_file_ref idref="fl-7"/>
      </object_component>
      <object_component id="oc-a7">
         <name>.debug_line</name>
         <load_address>0x2e7</load_address>
         <run_address>0x2e7</run_address>
         <size>0x9a</size>
         <input_file_ref idref="fl-8"/>
      </object_component>
      <object_component id="oc-b1">
         <name>.debug_line</name>
         <load_address>0x381</load_address>
         <run_address>0x381</run_address>
         <size>0xbf</size>
         <input_file_ref idref="fl-9"/>
      </object_component>
      <object_component id="oc-b7">
         <name>.debug_line</name>
         <load_address>0x440</load_address>
         <run_address>0x440</run_address>
         <size>0xab</size>
         <input_file_ref idref="fl-c"/>
      </object_component>
      <object_component id="oc-bd">
         <name>.debug_line</name>
         <load_address>0x4eb</load_address>
         <run_address>0x4eb</run_address>
         <size>0x213</size>
         <input_file_ref idref="fl-d"/>
      </object_component>
      <object_component id="oc-c2">
         <name>.debug_line</name>
         <load_address>0x6fe</load_address>
         <run_address>0x6fe</run_address>
         <size>0x81</size>
         <input_file_ref idref="fl-e"/>
      </object_component>
      <object_component id="oc-c7">
         <name>.debug_line</name>
         <load_address>0x77f</load_address>
         <run_address>0x77f</run_address>
         <size>0xa2</size>
         <input_file_ref idref="fl-f"/>
      </object_component>
      <object_component id="oc-cd">
         <name>.debug_line</name>
         <load_address>0x821</load_address>
         <run_address>0x821</run_address>
         <size>0xc9</size>
         <input_file_ref idref="fl-10"/>
      </object_component>
      <object_component id="oc-d5">
         <name>.debug_line</name>
         <load_address>0x8ea</load_address>
         <run_address>0x8ea</run_address>
         <size>0x443</size>
         <input_file_ref idref="fl-11"/>
      </object_component>
      <object_component id="oc-da">
         <name>.debug_line</name>
         <load_address>0xd2d</load_address>
         <run_address>0xd2d</run_address>
         <size>0x60</size>
         <input_file_ref idref="fl-18"/>
      </object_component>
      <object_component id="oc-de">
         <name>.debug_line</name>
         <load_address>0xd8d</load_address>
         <run_address>0xd8d</run_address>
         <size>0x62</size>
         <input_file_ref idref="fl-19"/>
      </object_component>
      <object_component id="oc-e2">
         <name>.debug_line</name>
         <load_address>0xdef</load_address>
         <run_address>0xdef</run_address>
         <size>0x55</size>
         <input_file_ref idref="fl-1a"/>
      </object_component>
      <object_component id="oc-e8">
         <name>.debug_line</name>
         <load_address>0xe44</load_address>
         <run_address>0xe44</run_address>
         <size>0x7e</size>
         <input_file_ref idref="fl-27"/>
      </object_component>
      <object_component id="oc-ed">
         <name>.debug_line</name>
         <load_address>0xec2</load_address>
         <run_address>0xec2</run_address>
         <size>0xa2</size>
         <input_file_ref idref="fl-28"/>
      </object_component>
      <object_component id="oc-f2">
         <name>.debug_line</name>
         <load_address>0xf64</load_address>
         <run_address>0xf64</run_address>
         <size>0x58</size>
         <input_file_ref idref="fl-29"/>
      </object_component>
      <object_component id="oc-f7">
         <name>.debug_line</name>
         <load_address>0xfbc</load_address>
         <run_address>0xfbc</run_address>
         <size>0xad</size>
         <input_file_ref idref="fl-2a"/>
      </object_component>
      <object_component id="oc-fc">
         <name>.debug_line</name>
         <load_address>0x1069</load_address>
         <run_address>0x1069</run_address>
         <size>0x57</size>
         <input_file_ref idref="fl-2b"/>
      </object_component>
      <object_component id="oc-101">
         <name>.debug_line</name>
         <load_address>0x10c0</load_address>
         <run_address>0x10c0</run_address>
         <size>0x58</size>
         <input_file_ref idref="fl-2c"/>
      </object_component>
      <object_component id="oc-106">
         <name>.debug_line</name>
         <load_address>0x1118</load_address>
         <run_address>0x1118</run_address>
         <size>0x50</size>
         <input_file_ref idref="fl-2d"/>
      </object_component>
      <object_component id="oc-10b">
         <name>.debug_line</name>
         <load_address>0x1168</load_address>
         <run_address>0x1168</run_address>
         <size>0x62</size>
         <input_file_ref idref="fl-2e"/>
      </object_component>
      <object_component id="oc-110">
         <name>.debug_line</name>
         <load_address>0x11ca</load_address>
         <run_address>0x11ca</run_address>
         <size>0x3e</size>
         <input_file_ref idref="fl-2f"/>
      </object_component>
      <object_component id="oc-115">
         <name>.debug_line</name>
         <load_address>0x1208</load_address>
         <run_address>0x1208</run_address>
         <size>0x3a</size>
         <input_file_ref idref="fl-30"/>
      </object_component>
      <object_component id="oc-11c">
         <name>.debug_line</name>
         <load_address>0x1242</load_address>
         <run_address>0x1242</run_address>
         <size>0x65</size>
         <input_file_ref idref="fl-31"/>
      </object_component>
      <object_component id="oc-121">
         <name>.debug_line</name>
         <load_address>0x12a7</load_address>
         <run_address>0x12a7</run_address>
         <size>0x5e</size>
         <input_file_ref idref="fl-32"/>
      </object_component>
      <object_component id="oc-126">
         <name>.debug_line</name>
         <load_address>0x1305</load_address>
         <run_address>0x1305</run_address>
         <size>0x4f</size>
         <input_file_ref idref="fl-33"/>
      </object_component>
      <object_component id="oc-5a">
         <name>.debug_info</name>
         <load_address>0x0</load_address>
         <run_address>0x0</run_address>
         <size>0x1d9</size>
         <input_file_ref idref="fl-3"/>
      </object_component>
      <object_component id="oc-5d">
         <name>.debug_info</name>
         <load_address>0x1d9</load_address>
         <run_address>0x1d9</run_address>
         <size>0x15549</size>
         <input_file_ref idref="fl-4"/>
      </object_component>
      <object_component id="oc-94">
         <name>.debug_info</name>
         <load_address>0x15722</load_address>
         <run_address>0x15722</run_address>
         <size>0x83a0</size>
         <input_file_ref idref="fl-5"/>
      </object_component>
      <object_component id="oc-a1">
         <name>.debug_info</name>
         <load_address>0x1dac2</load_address>
         <run_address>0x1dac2</run_address>
         <size>0xec</size>
         <input_file_ref idref="fl-7"/>
      </object_component>
      <object_component id="oc-a8">
         <name>.debug_info</name>
         <load_address>0x1dbae</load_address>
         <run_address>0x1dbae</run_address>
         <size>0x11f</size>
         <input_file_ref idref="fl-8"/>
      </object_component>
      <object_component id="oc-b2">
         <name>.debug_info</name>
         <load_address>0x1dccd</load_address>
         <run_address>0x1dccd</run_address>
         <size>0x12b</size>
         <input_file_ref idref="fl-9"/>
      </object_component>
      <object_component id="oc-b5">
         <name>.debug_info</name>
         <load_address>0x1ddf8</load_address>
         <run_address>0x1ddf8</run_address>
         <size>0x1e56</size>
         <input_file_ref idref="fl-c"/>
      </object_component>
      <object_component id="oc-ba">
         <name>.debug_info</name>
         <load_address>0x1fc4e</load_address>
         <run_address>0x1fc4e</run_address>
         <size>0x4a66</size>
         <input_file_ref idref="fl-d"/>
      </object_component>
      <object_component id="oc-c0">
         <name>.debug_info</name>
         <load_address>0x246b4</load_address>
         <run_address>0x246b4</run_address>
         <size>0x23b3</size>
         <input_file_ref idref="fl-e"/>
      </object_component>
      <object_component id="oc-c5">
         <name>.debug_info</name>
         <load_address>0x26a67</load_address>
         <run_address>0x26a67</run_address>
         <size>0x24b7</size>
         <input_file_ref idref="fl-f"/>
      </object_component>
      <object_component id="oc-ca">
         <name>.debug_info</name>
         <load_address>0x28f1e</load_address>
         <run_address>0x28f1e</run_address>
         <size>0xadf</size>
         <input_file_ref idref="fl-10"/>
      </object_component>
      <object_component id="oc-d0">
         <name>.debug_info</name>
         <load_address>0x299fd</load_address>
         <run_address>0x299fd</run_address>
         <size>0x2fc1</size>
         <input_file_ref idref="fl-11"/>
      </object_component>
      <object_component id="oc-d9">
         <name>.debug_info</name>
         <load_address>0x2c9be</load_address>
         <run_address>0x2c9be</run_address>
         <size>0xaa</size>
         <input_file_ref idref="fl-18"/>
      </object_component>
      <object_component id="oc-dd">
         <name>.debug_info</name>
         <load_address>0x2ca68</load_address>
         <run_address>0x2ca68</run_address>
         <size>0xaa</size>
         <input_file_ref idref="fl-19"/>
      </object_component>
      <object_component id="oc-e1">
         <name>.debug_info</name>
         <load_address>0x2cb12</load_address>
         <run_address>0x2cb12</run_address>
         <size>0xb6</size>
         <input_file_ref idref="fl-1a"/>
      </object_component>
      <object_component id="oc-e7">
         <name>.debug_info</name>
         <load_address>0x2cbc8</load_address>
         <run_address>0x2cbc8</run_address>
         <size>0x173</size>
         <input_file_ref idref="fl-27"/>
      </object_component>
      <object_component id="oc-ec">
         <name>.debug_info</name>
         <load_address>0x2cd3b</load_address>
         <run_address>0x2cd3b</run_address>
         <size>0x114</size>
         <input_file_ref idref="fl-28"/>
      </object_component>
      <object_component id="oc-f1">
         <name>.debug_info</name>
         <load_address>0x2ce4f</load_address>
         <run_address>0x2ce4f</run_address>
         <size>0x114</size>
         <input_file_ref idref="fl-29"/>
      </object_component>
      <object_component id="oc-f6">
         <name>.debug_info</name>
         <load_address>0x2cf63</load_address>
         <run_address>0x2cf63</run_address>
         <size>0x114</size>
         <input_file_ref idref="fl-2a"/>
      </object_component>
      <object_component id="oc-fb">
         <name>.debug_info</name>
         <load_address>0x2d077</load_address>
         <run_address>0x2d077</run_address>
         <size>0x118</size>
         <input_file_ref idref="fl-2b"/>
      </object_component>
      <object_component id="oc-100">
         <name>.debug_info</name>
         <load_address>0x2d18f</load_address>
         <run_address>0x2d18f</run_address>
         <size>0x11a</size>
         <input_file_ref idref="fl-2c"/>
      </object_component>
      <object_component id="oc-104">
         <name>.debug_info</name>
         <load_address>0x2d2a9</load_address>
         <run_address>0x2d2a9</run_address>
         <size>0x561</size>
         <input_file_ref idref="fl-2d"/>
      </object_component>
      <object_component id="oc-109">
         <name>.debug_info</name>
         <load_address>0x2d80a</load_address>
         <run_address>0x2d80a</run_address>
         <size>0x43a</size>
         <input_file_ref idref="fl-2e"/>
      </object_component>
      <object_component id="oc-10e">
         <name>.debug_info</name>
         <load_address>0x2dc44</load_address>
         <run_address>0x2dc44</run_address>
         <size>0x3ad</size>
         <input_file_ref idref="fl-2f"/>
      </object_component>
      <object_component id="oc-113">
         <name>.debug_info</name>
         <load_address>0x2dff1</load_address>
         <run_address>0x2dff1</run_address>
         <size>0x3aa</size>
         <input_file_ref idref="fl-30"/>
      </object_component>
      <object_component id="oc-118">
         <name>.debug_info</name>
         <load_address>0x2e39b</load_address>
         <run_address>0x2e39b</run_address>
         <size>0x544</size>
         <input_file_ref idref="fl-31"/>
      </object_component>
      <object_component id="oc-11f">
         <name>.debug_info</name>
         <load_address>0x2e8df</load_address>
         <run_address>0x2e8df</run_address>
         <size>0x4cc</size>
         <input_file_ref idref="fl-32"/>
      </object_component>
      <object_component id="oc-124">
         <name>.debug_info</name>
         <load_address>0x2edab</load_address>
         <run_address>0x2edab</run_address>
         <size>0x467</size>
         <input_file_ref idref="fl-33"/>
      </object_component>
      <object_component id="oc-1b3">
         <name>.debug_info</name>
         <load_address>0x2f212</load_address>
         <run_address>0x2f212</run_address>
         <size>0xa1</size>
      </object_component>
      <object_component id="oc-5b">
         <name>.debug_abbrev</name>
         <load_address>0x0</load_address>
         <run_address>0x0</run_address>
         <size>0x21</size>
         <input_file_ref idref="fl-3"/>
      </object_component>
      <object_component id="oc-93">
         <name>.debug_abbrev</name>
         <load_address>0x21</load_address>
         <run_address>0x21</run_address>
         <size>0xb7</size>
         <input_file_ref idref="fl-4"/>
      </object_component>
      <object_component id="oc-9d">
         <name>.debug_abbrev</name>
         <load_address>0xd8</load_address>
         <run_address>0xd8</run_address>
         <size>0x1c5</size>
         <input_file_ref idref="fl-5"/>
      </object_component>
      <object_component id="oc-a2">
         <name>.debug_abbrev</name>
         <load_address>0x29d</load_address>
         <run_address>0x29d</run_address>
         <size>0x2f</size>
         <input_file_ref idref="fl-7"/>
      </object_component>
      <object_component id="oc-a9">
         <name>.debug_abbrev</name>
         <load_address>0x2cc</load_address>
         <run_address>0x2cc</run_address>
         <size>0x3f</size>
         <input_file_ref idref="fl-8"/>
      </object_component>
      <object_component id="oc-b3">
         <name>.debug_abbrev</name>
         <load_address>0x30b</load_address>
         <run_address>0x30b</run_address>
         <size>0x3f</size>
         <input_file_ref idref="fl-9"/>
      </object_component>
      <object_component id="oc-b8">
         <name>.debug_abbrev</name>
         <load_address>0x34a</load_address>
         <run_address>0x34a</run_address>
         <size>0x126</size>
         <input_file_ref idref="fl-c"/>
      </object_component>
      <object_component id="oc-be">
         <name>.debug_abbrev</name>
         <load_address>0x470</load_address>
         <run_address>0x470</run_address>
         <size>0x170</size>
         <input_file_ref idref="fl-d"/>
      </object_component>
      <object_component id="oc-c3">
         <name>.debug_abbrev</name>
         <load_address>0x5e0</load_address>
         <run_address>0x5e0</run_address>
         <size>0x111</size>
         <input_file_ref idref="fl-e"/>
      </object_component>
      <object_component id="oc-c8">
         <name>.debug_abbrev</name>
         <load_address>0x6f1</load_address>
         <run_address>0x6f1</run_address>
         <size>0x111</size>
         <input_file_ref idref="fl-f"/>
      </object_component>
      <object_component id="oc-ce">
         <name>.debug_abbrev</name>
         <load_address>0x802</load_address>
         <run_address>0x802</run_address>
         <size>0xe7</size>
         <input_file_ref idref="fl-10"/>
      </object_component>
      <object_component id="oc-d6">
         <name>.debug_abbrev</name>
         <load_address>0x8e9</load_address>
         <run_address>0x8e9</run_address>
         <size>0x1f1</size>
         <input_file_ref idref="fl-11"/>
      </object_component>
      <object_component id="oc-db">
         <name>.debug_abbrev</name>
         <load_address>0xada</load_address>
         <run_address>0xada</run_address>
         <size>0x2a</size>
         <input_file_ref idref="fl-18"/>
      </object_component>
      <object_component id="oc-df">
         <name>.debug_abbrev</name>
         <load_address>0xb04</load_address>
         <run_address>0xb04</run_address>
         <size>0x2a</size>
         <input_file_ref idref="fl-19"/>
      </object_component>
      <object_component id="oc-e3">
         <name>.debug_abbrev</name>
         <load_address>0xb2e</load_address>
         <run_address>0xb2e</run_address>
         <size>0x2a</size>
         <input_file_ref idref="fl-1a"/>
      </object_component>
      <object_component id="oc-e9">
         <name>.debug_abbrev</name>
         <load_address>0xb58</load_address>
         <run_address>0xb58</run_address>
         <size>0x46</size>
         <input_file_ref idref="fl-27"/>
      </object_component>
      <object_component id="oc-ee">
         <name>.debug_abbrev</name>
         <load_address>0xb9e</load_address>
         <run_address>0xb9e</run_address>
         <size>0x38</size>
         <input_file_ref idref="fl-28"/>
      </object_component>
      <object_component id="oc-f3">
         <name>.debug_abbrev</name>
         <load_address>0xbd6</load_address>
         <run_address>0xbd6</run_address>
         <size>0x38</size>
         <input_file_ref idref="fl-29"/>
      </object_component>
      <object_component id="oc-f8">
         <name>.debug_abbrev</name>
         <load_address>0xc0e</load_address>
         <run_address>0xc0e</run_address>
         <size>0x38</size>
         <input_file_ref idref="fl-2a"/>
      </object_component>
      <object_component id="oc-fd">
         <name>.debug_abbrev</name>
         <load_address>0xc46</load_address>
         <run_address>0xc46</run_address>
         <size>0x38</size>
         <input_file_ref idref="fl-2b"/>
      </object_component>
      <object_component id="oc-102">
         <name>.debug_abbrev</name>
         <load_address>0xc7e</load_address>
         <run_address>0xc7e</run_address>
         <size>0x38</size>
         <input_file_ref idref="fl-2c"/>
      </object_component>
      <object_component id="oc-107">
         <name>.debug_abbrev</name>
         <load_address>0xcb6</load_address>
         <run_address>0xcb6</run_address>
         <size>0xe3</size>
         <input_file_ref idref="fl-2d"/>
      </object_component>
      <object_component id="oc-10c">
         <name>.debug_abbrev</name>
         <load_address>0xd99</load_address>
         <run_address>0xd99</run_address>
         <size>0xa8</size>
         <input_file_ref idref="fl-2e"/>
      </object_component>
      <object_component id="oc-111">
         <name>.debug_abbrev</name>
         <load_address>0xe41</load_address>
         <run_address>0xe41</run_address>
         <size>0x68</size>
         <input_file_ref idref="fl-2f"/>
      </object_component>
      <object_component id="oc-116">
         <name>.debug_abbrev</name>
         <load_address>0xea9</load_address>
         <run_address>0xea9</run_address>
         <size>0x66</size>
         <input_file_ref idref="fl-30"/>
      </object_component>
      <object_component id="oc-11d">
         <name>.debug_abbrev</name>
         <load_address>0xf0f</load_address>
         <run_address>0xf0f</run_address>
         <size>0x130</size>
         <input_file_ref idref="fl-31"/>
      </object_component>
      <object_component id="oc-122">
         <name>.debug_abbrev</name>
         <load_address>0x103f</load_address>
         <run_address>0x103f</run_address>
         <size>0xb2</size>
         <input_file_ref idref="fl-32"/>
      </object_component>
      <object_component id="oc-127">
         <name>.debug_abbrev</name>
         <load_address>0x10f1</load_address>
         <run_address>0x10f1</run_address>
         <size>0xee</size>
         <input_file_ref idref="fl-33"/>
      </object_component>
      <object_component id="oc-1b4">
         <name>.debug_abbrev</name>
         <load_address>0x11df</load_address>
         <run_address>0x11df</run_address>
         <size>0xf</size>
      </object_component>
      <object_component id="oc-5c">
         <name>.debug_aranges</name>
         <load_address>0x0</load_address>
         <run_address>0x0</run_address>
         <size>0x28</size>
         <input_file_ref idref="fl-3"/>
      </object_component>
      <object_component id="oc-9e">
         <name>.debug_aranges</name>
         <load_address>0x28</load_address>
         <run_address>0x28</run_address>
         <size>0x70</size>
         <input_file_ref idref="fl-5"/>
      </object_component>
      <object_component id="oc-a3">
         <name>.debug_aranges</name>
         <load_address>0x98</load_address>
         <run_address>0x98</run_address>
         <size>0x20</size>
         <input_file_ref idref="fl-7"/>
      </object_component>
      <object_component id="oc-aa">
         <name>.debug_aranges</name>
         <load_address>0xb8</load_address>
         <run_address>0xb8</run_address>
         <size>0x28</size>
         <input_file_ref idref="fl-8"/>
      </object_component>
      <object_component id="oc-b4">
         <name>.debug_aranges</name>
         <load_address>0xe0</load_address>
         <run_address>0xe0</run_address>
         <size>0x28</size>
         <input_file_ref idref="fl-9"/>
      </object_component>
      <object_component id="oc-b9">
         <name>.debug_aranges</name>
         <load_address>0x108</load_address>
         <run_address>0x108</run_address>
         <size>0x20</size>
         <input_file_ref idref="fl-c"/>
      </object_component>
      <object_component id="oc-bf">
         <name>.debug_aranges</name>
         <load_address>0x128</load_address>
         <run_address>0x128</run_address>
         <size>0x58</size>
         <input_file_ref idref="fl-d"/>
      </object_component>
      <object_component id="oc-c4">
         <name>.debug_aranges</name>
         <load_address>0x180</load_address>
         <run_address>0x180</run_address>
         <size>0x20</size>
         <input_file_ref idref="fl-e"/>
      </object_component>
      <object_component id="oc-c9">
         <name>.debug_aranges</name>
         <load_address>0x1a0</load_address>
         <run_address>0x1a0</run_address>
         <size>0x28</size>
         <input_file_ref idref="fl-f"/>
      </object_component>
      <object_component id="oc-cf">
         <name>.debug_aranges</name>
         <load_address>0x1c8</load_address>
         <run_address>0x1c8</run_address>
         <size>0x30</size>
         <input_file_ref idref="fl-10"/>
      </object_component>
      <object_component id="oc-d7">
         <name>.debug_aranges</name>
         <load_address>0x1f8</load_address>
         <run_address>0x1f8</run_address>
         <size>0xe0</size>
         <input_file_ref idref="fl-11"/>
      </object_component>
      <object_component id="oc-ea">
         <name>.debug_aranges</name>
         <load_address>0x2d8</load_address>
         <run_address>0x2d8</run_address>
         <size>0x20</size>
         <input_file_ref idref="fl-27"/>
      </object_component>
      <object_component id="oc-ef">
         <name>.debug_aranges</name>
         <load_address>0x2f8</load_address>
         <run_address>0x2f8</run_address>
         <size>0x20</size>
         <input_file_ref idref="fl-28"/>
      </object_component>
      <object_component id="oc-f4">
         <name>.debug_aranges</name>
         <load_address>0x318</load_address>
         <run_address>0x318</run_address>
         <size>0x20</size>
         <input_file_ref idref="fl-29"/>
      </object_component>
      <object_component id="oc-f9">
         <name>.debug_aranges</name>
         <load_address>0x338</load_address>
         <run_address>0x338</run_address>
         <size>0x20</size>
         <input_file_ref idref="fl-2a"/>
      </object_component>
      <object_component id="oc-fe">
         <name>.debug_aranges</name>
         <load_address>0x358</load_address>
         <run_address>0x358</run_address>
         <size>0x20</size>
         <input_file_ref idref="fl-2b"/>
      </object_component>
      <object_component id="oc-103">
         <name>.debug_aranges</name>
         <load_address>0x378</load_address>
         <run_address>0x378</run_address>
         <size>0x20</size>
         <input_file_ref idref="fl-2c"/>
      </object_component>
      <object_component id="oc-108">
         <name>.debug_aranges</name>
         <load_address>0x398</load_address>
         <run_address>0x398</run_address>
         <size>0x20</size>
         <input_file_ref idref="fl-2d"/>
      </object_component>
      <object_component id="oc-10d">
         <name>.debug_aranges</name>
         <load_address>0x3b8</load_address>
         <run_address>0x3b8</run_address>
         <size>0x20</size>
         <input_file_ref idref="fl-2e"/>
      </object_component>
      <object_component id="oc-112">
         <name>.debug_aranges</name>
         <load_address>0x3d8</load_address>
         <run_address>0x3d8</run_address>
         <size>0x20</size>
         <input_file_ref idref="fl-2f"/>
      </object_component>
      <object_component id="oc-117">
         <name>.debug_aranges</name>
         <load_address>0x3f8</load_address>
         <run_address>0x3f8</run_address>
         <size>0x20</size>
         <input_file_ref idref="fl-30"/>
      </object_component>
      <object_component id="oc-11e">
         <name>.debug_aranges</name>
         <load_address>0x418</load_address>
         <run_address>0x418</run_address>
         <size>0x28</size>
         <input_file_ref idref="fl-31"/>
      </object_component>
      <object_component id="oc-123">
         <name>.debug_aranges</name>
         <load_address>0x440</load_address>
         <run_address>0x440</run_address>
         <size>0x30</size>
         <input_file_ref idref="fl-32"/>
      </object_component>
      <object_component id="oc-128">
         <name>.debug_aranges</name>
         <load_address>0x470</load_address>
         <run_address>0x470</run_address>
         <size>0x20</size>
         <input_file_ref idref="fl-33"/>
      </object_component>
      <object_component id="oc-9b">
         <name>.debug_frame</name>
         <load_address>0x0</load_address>
         <run_address>0x0</run_address>
         <size>0x1a8</size>
         <input_file_ref idref="fl-5"/>
      </object_component>
      <object_component id="oc-b6">
         <name>.debug_frame</name>
         <load_address>0x1a8</load_address>
         <run_address>0x1a8</run_address>
         <size>0x48</size>
         <input_file_ref idref="fl-c"/>
      </object_component>
      <object_component id="oc-bc">
         <name>.debug_frame</name>
         <load_address>0x1f0</load_address>
         <run_address>0x1f0</run_address>
         <size>0xfc</size>
         <input_file_ref idref="fl-d"/>
      </object_component>
      <object_component id="oc-c1">
         <name>.debug_frame</name>
         <load_address>0x2ec</load_address>
         <run_address>0x2ec</run_address>
         <size>0x48</size>
         <input_file_ref idref="fl-e"/>
      </object_component>
      <object_component id="oc-c6">
         <name>.debug_frame</name>
         <load_address>0x334</load_address>
         <run_address>0x334</run_address>
         <size>0x64</size>
         <input_file_ref idref="fl-f"/>
      </object_component>
      <object_component id="oc-cc">
         <name>.debug_frame</name>
         <load_address>0x398</load_address>
         <run_address>0x398</run_address>
         <size>0x84</size>
         <input_file_ref idref="fl-10"/>
      </object_component>
      <object_component id="oc-d4">
         <name>.debug_frame</name>
         <load_address>0x41c</load_address>
         <run_address>0x41c</run_address>
         <size>0x2b8</size>
         <input_file_ref idref="fl-11"/>
      </object_component>
      <object_component id="oc-105">
         <name>.debug_frame</name>
         <load_address>0x6d4</load_address>
         <run_address>0x6d4</run_address>
         <size>0x60</size>
         <input_file_ref idref="fl-2d"/>
      </object_component>
      <object_component id="oc-10a">
         <name>.debug_frame</name>
         <load_address>0x734</load_address>
         <run_address>0x734</run_address>
         <size>0x40</size>
         <input_file_ref idref="fl-2e"/>
      </object_component>
      <object_component id="oc-10f">
         <name>.debug_frame</name>
         <load_address>0x774</load_address>
         <run_address>0x774</run_address>
         <size>0x40</size>
         <input_file_ref idref="fl-2f"/>
      </object_component>
      <object_component id="oc-114">
         <name>.debug_frame</name>
         <load_address>0x7b4</load_address>
         <run_address>0x7b4</run_address>
         <size>0x40</size>
         <input_file_ref idref="fl-30"/>
      </object_component>
      <object_component id="oc-11b">
         <name>.debug_frame</name>
         <load_address>0x7f4</load_address>
         <run_address>0x7f4</run_address>
         <size>0x60</size>
         <input_file_ref idref="fl-31"/>
      </object_component>
      <object_component id="oc-120">
         <name>.debug_frame</name>
         <load_address>0x854</load_address>
         <run_address>0x854</run_address>
         <size>0x70</size>
         <input_file_ref idref="fl-32"/>
      </object_component>
      <object_component id="oc-125">
         <name>.debug_frame</name>
         <load_address>0x8c4</load_address>
         <run_address>0x8c4</run_address>
         <size>0x40</size>
         <input_file_ref idref="fl-33"/>
      </object_component>
   </object_component_list>
   <logical_group_list>
      <logical_group id="lg-3" display="no" color="cyan">
         <name>PieVectTableFile</name>
         <run_address>0xd00</run_address>
         <size>0x100</size>
         <contents>
            <object_component_ref idref="oc-92"/>
         </contents>
      </logical_group>
      <logical_group id="lg-5" display="no" color="cyan">
         <name>EmuKeyVar</name>
         <run_address>0xd00</run_address>
         <size>0x1</size>
         <contents>
            <object_component_ref idref="oc-5f"/>
         </contents>
      </logical_group>
      <logical_group id="lg-6" display="no" color="cyan">
         <name>EmuBModeVar</name>
         <run_address>0xd01</run_address>
         <size>0x1</size>
         <contents>
            <object_component_ref idref="oc-60"/>
         </contents>
      </logical_group>
      <logical_group id="lg-7" display="no" color="cyan">
         <name>FlashCallbackVar</name>
         <run_address>0xd02</run_address>
         <size>0x2</size>
         <contents>
            <object_component_ref idref="oc-62"/>
         </contents>
      </logical_group>
      <logical_group id="lg-8" display="no" color="cyan">
         <name>FlashScalingVar</name>
         <run_address>0xd04</run_address>
         <size>0x2</size>
         <contents>
            <object_component_ref idref="oc-61"/>
         </contents>
      </logical_group>
      <logical_group id="lg-4" display="no" color="cyan">
         <name>GROUP_2</name>
         <run_address>0xd00</run_address>
         <size>0x6</size>
         <contents>
            <logical_group_ref idref="lg-5"/>
            <logical_group_ref idref="lg-6"/>
            <logical_group_ref idref="lg-7"/>
            <logical_group_ref idref="lg-8"/>
         </contents>
      </logical_group>
      <overlay id="lg-2" display="no" color="cyan">
         <name>UNION_1</name>
         <run_address>0xd00</run_address>
         <size>0x100</size>
         <contents>
            <logical_group_ref idref="lg-3"/>
            <logical_group_ref idref="lg-4"/>
         </contents>
      </overlay>
      <logical_group id="lg-9" display="no" color="cyan">
         <name>DevEmuRegsFile</name>
         <run_address>0x880</run_address>
         <size>0x4</size>
         <contents>
            <object_component_ref idref="oc-64"/>
         </contents>
      </logical_group>
      <logical_group id="lg-a" display="no" color="cyan">
         <name>SysPwrCtrlRegsFile</name>
         <run_address>0x985</run_address>
         <size>0x3</size>
         <contents>
            <object_component_ref idref="oc-63"/>
         </contents>
      </logical_group>
      <logical_group id="lg-b" display="no" color="cyan">
         <name>FlashRegsFile</name>
         <run_address>0xa80</run_address>
         <size>0x8</size>
         <contents>
            <object_component_ref idref="oc-6c"/>
         </contents>
      </logical_group>
      <logical_group id="lg-c" display="no" color="cyan">
         <name>CsmRegsFile</name>
         <run_address>0xae0</run_address>
         <size>0x10</size>
         <contents>
            <object_component_ref idref="oc-6e"/>
         </contents>
      </logical_group>
      <logical_group id="lg-d" display="no" color="cyan">
         <name>AdcResultFile</name>
         <run_address>0xb00</run_address>
         <size>0x10</size>
         <contents>
            <object_component_ref idref="oc-6d"/>
         </contents>
      </logical_group>
      <logical_group id="lg-e" display="no" color="cyan">
         <name>CpuTimer0RegsFile</name>
         <run_address>0xc00</run_address>
         <size>0x8</size>
         <contents>
            <object_component_ref idref="oc-68"/>
         </contents>
      </logical_group>
      <logical_group id="lg-f" display="no" color="cyan">
         <name>CpuTimer1RegsFile</name>
         <run_address>0xc08</run_address>
         <size>0x8</size>
         <contents>
            <object_component_ref idref="oc-69"/>
         </contents>
      </logical_group>
      <logical_group id="lg-10" display="no" color="cyan">
         <name>CpuTimer2RegsFile</name>
         <run_address>0xc10</run_address>
         <size>0x8</size>
         <contents>
            <object_component_ref idref="oc-6a"/>
         </contents>
      </logical_group>
      <logical_group id="lg-11" display="no" color="cyan">
         <name>PieCtrlRegsFile</name>
         <run_address>0xce0</run_address>
         <size>0x1a</size>
         <contents>
            <object_component_ref idref="oc-75"/>
         </contents>
      </logical_group>
      <logical_group id="lg-12" display="no" color="cyan">
         <name>Cla1RegsFile</name>
         <run_address>0x1400</run_address>
         <size>0x40</size>
         <contents>
            <object_component_ref idref="oc-81"/>
         </contents>
      </logical_group>
      <logical_group id="lg-13" display="no" color="cyan">
         <name>DmaRegsFile</name>
         <run_address>0x1000</run_address>
         <size>0xe0</size>
         <contents>
            <object_component_ref idref="oc-90"/>
         </contents>
      </logical_group>
      <logical_group id="lg-14" display="no" color="cyan">
         <name>ECanaRegsFile</name>
         <run_address>0x6000</run_address>
         <size>0x34</size>
         <contents>
            <object_component_ref idref="oc-80"/>
         </contents>
      </logical_group>
      <logical_group id="lg-15" display="no" color="cyan">
         <name>ECanaLAMRegsFile</name>
         <run_address>0x6040</run_address>
         <size>0x40</size>
         <contents>
            <object_component_ref idref="oc-82"/>
         </contents>
      </logical_group>
      <logical_group id="lg-16" display="no" color="cyan">
         <name>ECanaMboxesFile</name>
         <run_address>0x6100</run_address>
         <size>0x100</size>
         <contents>
            <object_component_ref idref="oc-91"/>
         </contents>
      </logical_group>
      <logical_group id="lg-17" display="no" color="cyan">
         <name>ECanaMOTSRegsFile</name>
         <run_address>0x6080</run_address>
         <size>0x40</size>
         <contents>
            <object_component_ref idref="oc-83"/>
         </contents>
      </logical_group>
      <logical_group id="lg-18" display="no" color="cyan">
         <name>ECanaMOTORegsFile</name>
         <run_address>0x60c0</run_address>
         <size>0x40</size>
         <contents>
            <object_component_ref idref="oc-84"/>
         </contents>
      </logical_group>
      <logical_group id="lg-19" display="no" color="cyan">
         <name>ECap1RegsFile</name>
         <run_address>0x6a00</run_address>
         <size>0x20</size>
         <contents>
            <object_component_ref idref="oc-76"/>
         </contents>
      </logical_group>
      <logical_group id="lg-1a" display="no" color="cyan">
         <name>ECap2RegsFile</name>
         <run_address>0x6a20</run_address>
         <size>0x20</size>
         <contents>
            <object_component_ref idref="oc-77"/>
         </contents>
      </logical_group>
      <logical_group id="lg-1b" display="no" color="cyan">
         <name>ECap3RegsFile</name>
         <run_address>0x6a40</run_address>
         <size>0x20</size>
         <contents>
            <object_component_ref idref="oc-78"/>
         </contents>
[...]
         <value>0x3f4d05</value>
         <object_component_ref idref="oc-13d"/>
      </symbol>
      <symbol id="sm-5b4">
         <name>_PWM_ComplPairDB_CNF</name>
         <value>0x3f49ca</value>
         <object_component_ref idref="oc-13e"/>
      </symbol>
      <symbol id="sm-5b6">
         <name>_PWM_ComplPairDB_UpdateDB</name>
         <value>0x3f4b63</value>
         <object_component_ref idref="oc-13e"/>
      </symbol>
      <symbol id="sm-5c7">
         <name>_SPLL_1ph_SOGI_IQ_coeff_update</name>
         <value>0x3f4086</value>
         <object_component_ref idref="oc-131"/>
      </symbol>
      <symbol id="sm-5c9">
         <name>_SPLL_1ph_SOGI_IQ_FUNC</name>
         <value>0x3f41a7</value>
         <object_component_ref idref="oc-131"/>
      </symbol>
      <symbol id="sm-5cb">
         <name>_SPLL_1ph_SOGI_IQ_init</name>
         <value>0x3f4000</value>
         <object_component_ref idref="oc-131"/>
      </symbol>
      <symbol id="sm-60f">
         <name>_MemGetAmount</name>
         <value>0x8d0c</value>
         <object_component_ref idref="oc-d2"/>
      </symbol>
      <symbol id="sm-610">
         <name>_EchoDataByte</name>
         <value>0x3f4439</value>
         <object_component_ref idref="oc-13a"/>
      </symbol>
      <symbol id="sm-612">
         <name>_MemGetAddress</name>
         <value>0x8d12</value>
         <object_component_ref idref="oc-d2"/>
      </symbol>
      <symbol id="sm-613">
         <name>_delayer</name>
         <value>0x8d0a</value>
         <object_component_ref idref="oc-d2"/>
      </symbol>
      <symbol id="sm-614">
         <name>_scia_send_float</name>
         <value>0x3f45fd</value>
         <object_component_ref idref="oc-13a"/>
      </symbol>
      <symbol id="sm-616">
         <name>_SendData</name>
         <value>0x3f4530</value>
         <object_component_ref idref="oc-13a"/>
      </symbol>
      <symbol id="sm-618">
         <name>_SCIA_Init</name>
         <value>0x3f431c</value>
         <object_component_ref idref="oc-13a"/>
      </symbol>
      <symbol id="sm-61a">
         <name>_RxWord</name>
         <value>0x8d04</value>
         <object_component_ref idref="oc-d2"/>
      </symbol>
      <symbol id="sm-61b">
         <name>_GetDataByte</name>
         <value>0x3f4417</value>
         <object_component_ref idref="oc-13a"/>
      </symbol>
      <symbol id="sm-61d">
         <name>_send_char</name>
         <value>0x3f45f0</value>
         <object_component_ref idref="oc-13a"/>
      </symbol>
      <symbol id="sm-61f">
         <name>_ArrayGet</name>
         <value>0x3f44f4</value>
         <object_component_ref idref="oc-13a"/>
      </symbol>
      <symbol id="sm-621">
         <name>_SliderSet</name>
         <value>0x3f44e0</value>
         <object_component_ref idref="oc-13a"/>
      </symbol>
      <symbol id="sm-623">
         <name>_LifePulseTsk</name>
         <value>0x3f4492</value>
         <object_component_ref idref="oc-13a"/>
      </symbol>
      <symbol id="sm-625">
         <name>_CmdDispatcher</name>
         <value>0x8cc0</value>
         <object_component_ref idref="oc-14d"/>
      </symbol>
      <symbol id="sm-626">
         <name>_RcvTskPtrShdw</name>
         <value>0x8d09</value>
         <object_component_ref idref="oc-d2"/>
      </symbol>
      <symbol id="sm-627">
         <name>_wordsLeftToGet</name>
         <value>0x8d07</value>
         <object_component_ref idref="oc-d2"/>
      </symbol>
      <symbol id="sm-628">
         <name>_PackWord</name>
         <value>0x3f444c</value>
         <object_component_ref idref="oc-13a"/>
      </symbol>
      <symbol id="sm-62a">
         <name>_ButtonSet</name>
         <value>0x3f44cf</value>
         <object_component_ref idref="oc-13a"/>
      </symbol>
      <symbol id="sm-62c">
         <name>_sciaRxFifoIsr</name>
         <value>0x3f5026</value>
         <object_component_ref idref="oc-d3"/>
      </symbol>
      <symbol id="sm-62e">
         <name>_SendTaskPtr</name>
         <value>0x8d02</value>
         <object_component_ref idref="oc-d2"/>
      </symbol>
      <symbol id="sm-62f">
         <name>_dataOut</name>
         <value>0x8d08</value>
         <object_component_ref idref="oc-d2"/>
      </symbol>
      <symbol id="sm-630">
         <name>_Temp</name>
         <value>0x8d14</value>
         <object_component_ref idref="oc-d2"/>
      </symbol>
      <symbol id="sm-631">
         <name>_CmdPacket</name>
         <value>0x8db0</value>
         <object_component_ref idref="oc-14c"/>
      </symbol>
      <symbol id="sm-632">
         <name>_qq</name>
         <value>0x8d16</value>
         <object_component_ref idref="oc-d2"/>
      </symbol>
      <symbol id="sm-633">
         <name>_MemGetPtr</name>
         <value>0x8d0b</value>
         <object_component_ref idref="oc-d2"/>
      </symbol>
      <symbol id="sm-634">
         <name>_SerialHostComms</name>
         <value>0x3f4385</value>
         <object_component_ref idref="oc-13a"/>
      </symbol>
      <symbol id="sm-636">
         <name>_RxChar</name>
         <value>0x8d03</value>
         <object_component_ref idref="oc-d2"/>
      </symbol>
      <symbol id="sm-637">
         <name>_EchoSizeByte</name>
         <value>0x3f43fe</value>
         <object_component_ref idref="oc-13a"/>
      </symbol>
      <symbol id="sm-639">
         <name>_GetCmdByte</name>
         <value>0x3f438a</value>
         <object_component_ref idref="oc-13a"/>
      </symbol>
      <symbol id="sm-63b">
         <name>_memDataPtr</name>
         <value>0x8d10</value>
         <object_component_ref idref="oc-d2"/>
      </symbol>
      <symbol id="sm-63c">
         <name>_TextSet</name>
         <value>0x3f44be</value>
         <object_component_ref idref="oc-13a"/>
      </symbol>
      <symbol id="sm-63e">
         <name>_LowByteFlag</name>
         <value>0x8d01</value>
         <object_component_ref idref="oc-d2"/>
      </symbol>
      <symbol id="sm-63f">
         <name>_VariableGet</name>
         <value>0x3f44f1</value>
         <object_component_ref idref="oc-13a"/>
      </symbol>
      <symbol id="sm-641">
         <name>_scia_msg</name>
         <value>0x3f461a</value>
         <object_component_ref idref="oc-13a"/>
      </symbol>
      <symbol id="sm-643">
         <name>_RX_Byte_count</name>
         <value>0x8d00</value>
         <object_component_ref idref="oc-d2"/>
      </symbol>
      <symbol id="sm-644">
         <name>_RcvTaskPointer</name>
         <value>0x8d0e</value>
         <object_component_ref idref="oc-d2"/>
      </symbol>
      <symbol id="sm-645">
         <name>_SpareTsk08</name>
         <value>0x3f452b</value>
         <object_component_ref idref="oc-13a"/>
      </symbol>
      <symbol id="sm-647">
         <name>_SpareTsk07</name>
         <value>0x3f4526</value>
         <object_component_ref idref="oc-13a"/>
      </symbol>
      <symbol id="sm-649">
         <name>_CmdInterpreter</name>
         <value>0x3f446a</value>
         <object_component_ref idref="oc-13a"/>
      </symbol>
      <symbol id="sm-64b">
         <name>_GetRX_Cmd</name>
         <value>0x3f4593</value>
         <object_component_ref idref="oc-13a"/>
      </symbol>
      <symbol id="sm-64d">
         <name>_EchoCmdByte</name>
         <value>0x3f43c3</value>
         <object_component_ref idref="oc-13a"/>
      </symbol>
      <symbol id="sm-64f">
         <name>_NumWords</name>
         <value>0x8d06</value>
         <object_component_ref idref="oc-d2"/>
      </symbol>
      <symbol id="sm-650">
         <name>_GetSizeByte</name>
         <value>0x3f43dc</value>
         <object_component_ref idref="oc-13a"/>
      </symbol>
      <symbol id="sm-652">
         <name>_DataGet</name>
         <value>0x3f44f7</value>
         <object_component_ref idref="oc-13a"/>
      </symbol>
      <symbol id="sm-654">
         <name>_TaskDoneFlag</name>
         <value>0x8d05</value>
         <object_component_ref idref="oc-d2"/>
      </symbol>
      <symbol id="sm-65d">
         <name>__IQ23cos</name>
         <value>0x3f530a</value>
         <object_component_ref idref="oc-d8"/>
      </symbol>
      <symbol id="sm-666">
         <name>__IQ23sin</name>
         <value>0x3f52d9</value>
         <object_component_ref idref="oc-dc"/>
      </symbol>
      <symbol id="sm-66e">
         <name>__IQ23toF</name>
         <value>0x3f5339</value>
         <object_component_ref idref="oc-e0"/>
      </symbol>
      <symbol id="sm-672">
         <name>_IQ4mpyRndSatTable</name>
         <value>0x3fea20</value>
         <object_component_ref idref="oc-e4"/>
      </symbol>
      <symbol id="sm-673">
         <name>_IQ5mpyRndSatTable</name>
         <value>0x3fea14</value>
         <object_component_ref idref="oc-e4"/>
      </symbol>
      <symbol id="sm-674">
         <name>_IQatan2Table</name>
         <value>0x3fe762</value>
         <object_component_ref idref="oc-e4"/>
      </symbol>
      <symbol id="sm-675">
         <name>_IQisqrtTableEnd</name>
         <value>0x3fe724</value>
         <object_component_ref idref="oc-e4"/>
      </symbol>
      <symbol id="sm-676">
         <name>_IQ8mpyRndSatTable</name>
         <value>0x3fe9f0</value>
         <object_component_ref idref="oc-e4"/>
      </symbol>
      <symbol id="sm-677">
         <name>_IQ9mpyRndSatTable</name>
         <value>0x3fe9e4</value>
         <object_component_ref idref="oc-e4"/>
      </symbol>
      <symbol id="sm-678">
         <name>_IQsqrtTable</name>
         <value>0x3fe622</value>
         <object_component_ref idref="oc-e4"/>
      </symbol>
      <symbol id="sm-679">
         <name>_IQcosTableEnd</name>
         <value>0x3fe402</value>
         <object_component_ref idref="oc-e4"/>
      </symbol>
      <symbol id="sm-67a">
         <name>_IQatan2HalfPITable</name>
         <value>0x3fe724</value>
         <object_component_ref idref="oc-e4"/>
      </symbol>
      <symbol id="sm-67b">
         <name>_IQisqrtTable</name>
         <value>0x3fe622</value>
         <object_component_ref idref="oc-e4"/>
      </symbol>
      <symbol id="sm-67c">
         <name>_IQsqrtRoundSatTable</name>
         <value>0x3fe612</value>
         <object_component_ref idref="oc-e4"/>
      </symbol>
      <symbol id="sm-67d">
         <name>_IQsqrtTableEnd</name>
         <value>0x3fe724</value>
         <object_component_ref idref="oc-e4"/>
      </symbol>
      <symbol id="sm-67e">
         <name>_IQ30mpyRndSatTable</name>
         <value>0x3fe8e8</value>
         <object_component_ref idref="oc-e4"/>
      </symbol>
      <symbol id="sm-67f">
         <name>_IQ17mpyRndSatTable</name>
         <value>0x3fe984</value>
         <object_component_ref idref="oc-e4"/>
      </symbol>
      <symbol id="sm-680">
         <name>_IQ16mpyRndSatTable</name>
         <value>0x3fe990</value>
         <object_component_ref idref="oc-e4"/>
      </symbol>
      <symbol id="sm-681">
         <name>_IQ15mpyRndSatTable</name>
         <value>0x3fe99c</value>
         <object_component_ref idref="oc-e4"/>
      </symbol>
      <symbol id="sm-682">
         <name>_IQ14mpyRndSatTable</name>
         <value>0x3fe9a8</value>
         <object_component_ref idref="oc-e4"/>
      </symbol>
      <symbol id="sm-683">
         <name>_IQ13mpyRndSatTable</name>
         <value>0x3fe9b4</value>
         <object_component_ref idref="oc-e4"/>
      </symbol>
      <symbol id="sm-684">
         <name>_IQmpyRndSatTable</name>
         <value>0x3fe8e8</value>
         <object_component_ref idref="oc-e4"/>
      </symbol>
      <symbol id="sm-685">
         <name>_IQ12mpyRndSatTable</name>
         <value>0x3fe9c0</value>
         <object_component_ref idref="oc-e4"/>
      </symbol>
      <symbol id="sm-686">
         <name>_IQdivRoundSatTable</name>
         <value>0x3fe402</value>
         <object_component_ref idref="oc-e4"/>
      </symbol>
      <symbol id="sm-687">
         <name>_IQisqrtRoundSatTable</name>
         <value>0x3fe612</value>
         <object_component_ref idref="oc-e4"/>
      </symbol>
      <symbol id="sm-688">
         <name>_IQ11mpyRndSatTable</name>
         <value>0x3fe9cc</value>
         <object_component_ref idref="oc-e4"/>
      </symbol>
      <symbol id="sm-689">
         <name>_IQcosTable</name>
         <value>0x3fe000</value>
         <object_component_ref idref="oc-e4"/>
      </symbol>
      <symbol id="sm-68a">
         <name>_IQ10mpyRndSatTable</name>
         <value>0x3fe9d8</value>
         <object_component_ref idref="oc-e4"/>
      </symbol>
      <symbol id="sm-68b">
         <name>_IQmpyRndSatTableEnd</name>
         <value>0x3fea50</value>
         <object_component_ref idref="oc-e4"/>
      </symbol>
      <symbol id="sm-68c">
         <name>_IQ19mpyRndSatTable</name>
         <value>0x3fe96c</value>
         <object_component_ref idref="oc-e4"/>
      </symbol>
      <symbol id="sm-68d">
         <name>_IQ27mpyRndSatTable</name>
         <value>0x3fe90c</value>
         <object_component_ref idref="oc-e4"/>
      </symbol>
      <symbol id="sm-68e">
         <name>_IQ18mpyRndSatTable</name>
         <value>0x3fe978</value>
         <object_component_ref idref="oc-e4"/>
      </symbol>
      <symbol id="sm-68f">
         <name>_IQ26mpyRndSatTable</name>
         <value>0x3fe918</value>
         <object_component_ref idref="oc-e4"/>
      </symbol>
      <symbol id="sm-690">
         <name>_IQ25mpyRndSatTable</name>
         <value>0x3fe924</value>
         <object_component_ref idref="oc-e4"/>
      </symbol>
      <symbol id="sm-691">
         <name>_IQsinTable</name>
         <value>0x3fdf00</value>
         <object_component_ref idref="oc-e4"/>
      </symbol>
      <symbol id="sm-692">
         <name>_IQ24mpyRndSatTable</name>
         <value>0x3fe930</value>
         <object_component_ref idref="oc-e4"/>
      </symbol>
      <symbol id="sm-693">
         <name>_IQdivTableEnd</name>
         <value>0x3fe612</value>
         <object_component_ref idref="oc-e4"/>
      </symbol>
      <symbol id="sm-694">
         <name>_IQ23mpyRndSatTable</name>
         <value>0x3fe93c</value>
         <object_component_ref idref="oc-e4"/>
      </symbol>
      <symbol id="sm-695">
         <name>_IQ22mpyRndSatTable</name>
         <value>0x3fe948</value>
         <object_component_ref idref="oc-e4"/>
      </symbol>
      <symbol id="sm-696">
         <name>_IQ21mpyRndSatTable</name>
         <value>0x3fe954</value>
         <object_component_ref idref="oc-e4"/>
      </symbol>
      <symbol id="sm-697">
         <name>_IQ20mpyRndSatTable</name>
         <value>0x3fe960</value>
         <object_component_ref idref="oc-e4"/>
      </symbol>
      <symbol id="sm-698">
         <name>_IQsinTableEnd</name>
         <value>0x3fe300</value>
         <object_component_ref idref="oc-e4"/>
      </symbol>
      <symbol id="sm-699">
         <name>_IQdivTable</name>
         <value>0x3fe410</value>
         <object_component_ref idref="oc-e4"/>
      </symbol>
      <symbol id="sm-69a">
         <name>_IQ2mpyRndSatTable</name>
         <value>0x3fea38</value>
         <object_component_ref idref="oc-e4"/>
      </symbol>
      <symbol id="sm-69b">
         <name>_IQ3mpyRndSatTable</name>
         <value>0x3fea2c</value>
         <object_component_ref idref="oc-e4"/>
      </symbol>
      <symbol id="sm-69c">
         <name>_IQ1mpyRndSatTable</name>
         <value>0x3fea44</value>
         <object_component_ref idref="oc-e4"/>
      </symbol>
      <symbol id="sm-69d">
         <name>_IQ29mpyRndSatTable</name>
         <value>0x3fe8f4</value>
         <object_component_ref idref="oc-e4"/>
      </symbol>
      <symbol id="sm-69e">
         <name>_IQ6mpyRndSatTable</name>
         <value>0x3fea08</value>
         <object_component_ref idref="oc-e4"/>
      </symbol>
      <symbol id="sm-69f">
         <name>_IQatan2TableEnd</name>
         <value>0x3fe8e8</value>
         <object_component_ref idref="oc-e4"/>
      </symbol>
      <symbol id="sm-6a0">
         <name>_IQ28mpyRndSatTable</name>
         <value>0x3fe900</value>
         <object_component_ref idref="oc-e4"/>
      </symbol>
      <symbol id="sm-6a1">
         <name>_IQ7mpyRndSatTable</name>
         <value>0x3fe9fc</value>
         <object_component_ref idref="oc-e4"/>
      </symbol>
      <symbol id="sm-6bc">
         <name>_c_int00</name>
         <value>0x3f5084</value>
         <object_component_ref idref="oc-56"/>
      </symbol>
      <symbol id="sm-6bd">
         <name>__stack</name>
         <value>0x50</value>
         <object_component_ref idref="oc-e5"/>
      </symbol>
      <symbol id="sm-6cf">
         <name>FD$$MPY</name>
         <value>0x3f4fa3</value>
         <object_component_ref idref="oc-eb"/>
      </symbol>
      <symbol id="sm-6de">
         <name>FD$$TOL</name>
         <value>0x3f515b</value>
         <object_component_ref idref="oc-f0"/>
      </symbol>
      <symbol id="sm-6ef">
         <name>FS$$DIV</name>
         <value>0x3f4f1b</value>
         <object_component_ref idref="oc-f5"/>
      </symbol>
      <symbol id="sm-6ff">
         <name>I$$TOFD</name>
         <value>0x3f517a</value>
         <object_component_ref idref="oc-fa"/>
      </symbol>
      <symbol id="sm-70f">
         <name>FS$$TOFD</name>
         <value>0x3f51b4</value>
         <object_component_ref idref="oc-ff"/>
      </symbol>
      <symbol id="sm-71e">
         <name>_copy_in</name>
         <value>0x3f5137</value>
         <object_component_ref idref="oc-12a"/>
      </symbol>
      <symbol id="sm-730">
         <name>_memcpy</name>
         <value>0x3f5197</value>
         <object_component_ref idref="oc-135"/>
      </symbol>
      <symbol id="sm-73d">
         <name>__system_pre_init</name>
         <value>0x3f5202</value>
         <object_component_ref idref="oc-129"/>
      </symbol>
      <symbol id="sm-74b">
         <name>__system_post_cinit</name>
         <value>0x3f5204</value>
         <object_component_ref idref="oc-12b"/>
      </symbol>
      <symbol id="sm-760">
         <name>C$$EXIT</name>
         <value>0x3f510e</value>
         <object_component_ref idref="oc-12d"/>
      </symbol>
      <symbol id="sm-761">
         <name>_exit</name>
         <value>0x3f5110</value>
         <object_component_ref idref="oc-12d"/>
      </symbol>
      <symbol id="sm-763">
         <name>___TI_cleanup_ptr</name>
         <value>0x8db8</value>
         <object_component_ref idref="oc-11a"/>
      </symbol>
      <symbol id="sm-764">
         <name>___TI_enable_exit_profile_output</name>
         <value>0x8db6</value>
         <object_component_ref idref="oc-11a"/>
      </symbol>
      <symbol id="sm-765">
         <name>_abort</name>
         <value>0x3f510e</value>
         <object_component_ref idref="oc-12d"/>
      </symbol>
      <symbol id="sm-767">
         <name>___TI_dtors_ptr</name>
         <value>0x8dba</value>
         <object_component_ref idref="oc-11a"/>
      </symbol>
      <symbol id="sm-77b">
         <name>__unlock</name>
         <value>0x8dc8</value>
         <object_component_ref idref="oc-154"/>
      </symbol>
      <symbol id="sm-77c">
         <name>__lock</name>
         <value>0x8cbe</value>
         <object_component_ref idref="oc-137"/>
      </symbol>
      <symbol id="sm-77d">
         <name>__register_lock</name>
         <value>0x3f51f0</value>
         <object_component_ref idref="oc-14a"/>
      </symbol>
      <symbol id="sm-77f">
         <name>__nop</name>
         <value>0x3f51f4</value>
         <object_component_ref idref="oc-14a"/>
      </symbol>
      <symbol id="sm-781">
         <name>__register_unlock</name>
         <value>0x3f51ec</value>
         <object_component_ref idref="oc-14a"/>
      </symbol>
      <symbol id="sm-791">
         <name>__args_main</name>
         <value>0x3f51d0</value>
         <object_component_ref idref="oc-12c"/>
      </symbol>
   </symbol_table>
   <title>Link successful</title>
</link_info>
